#
# There is insufficient memory for the Java Runtime Environment to continue.
# Native memory allocation (malloc) failed to allocate 2375312 bytes for Chunk::new
# Possible reasons:
#   The system is out of physical RAM or swap space
#   The process is running with CompressedOops enabled, and the Java Heap may be blocking the growth of the native heap
# Possible solutions:
#   Reduce memory load on the system
#   Increase physical memory or swap space
#   Check if swap backing store is full
#   Decrease Java heap size (-Xmx/-Xms)
#   Decrease number of Java threads
#   Decrease Java thread stack sizes (-Xss)
#   Set larger code cache with -XX:ReservedCodeCacheSize=
#   JVM is running with Unscaled Compressed Oops mode in which the Java heap is
#     placed in the first 4GB address space. The Java Heap base address is the
#     maximum limit for the native heap growth. Please use -XX:HeapBaseMinAddress
#     to set the Java Heap base and to place the Java Heap above 4GB virtual address.
# This output file may be truncated or incomplete.
#
#  Out of Memory Error (arena.cpp:189), pid=16848, tid=19616
#
# JRE version: OpenJDK Runtime Environment (17.0.6) (build 17.0.6+0-b2043.56-10027231)
# Java VM: OpenJDK 64-Bit Server VM (17.0.6+0-b2043.56-10027231, mixed mode, tiered, compressed oops, compressed class ptrs, g1 gc, windows-amd64)
# No core dump will be written. Minidumps are not enabled by default on client versions of Windows
#

---------------  S U M M A R Y ------------

Command Line: --add-opens=java.base/java.util=ALL-UNNAMED --add-opens=java.base/java.lang=ALL-UNNAMED --add-opens=java.base/java.lang.invoke=ALL-UNNAMED --add-opens=java.prefs/java.util.prefs=ALL-UNNAMED --add-opens=java.base/java.nio.charset=ALL-UNNAMED --add-opens=java.base/java.net=ALL-UNNAMED --add-opens=java.base/java.util.concurrent.atomic=ALL-UNNAMED -Xmx2048m -Dfile.encoding=UTF-8 -Duser.country=ES -Duser.language=es -Duser.variant org.gradle.launcher.daemon.bootstrap.GradleDaemon 8.0

Host: 11th Gen Intel(R) Core(TM) i7-11800H @ 2.30GHz, 16 cores, 15G,  Windows 11 , 64 bit Build 26100 (10.0.26100.7705)
Time: Fri Mar 13 12:45:50 2026 Hora estándar romance elapsed time: 12.515317 seconds (0d 0h 0m 12s)

---------------  T H R E A D  ---------------

Current thread (0x0000020c2d4ffd10):  JavaThread "C2 CompilerThread2" daemon [_thread_in_native, id=19616, stack(0x000000b30bb00000,0x000000b30bc00000)]


Current CompileTask:
C2:  12515 9944       4       com.sun.beans.TypeResolver::resolve (37 bytes)

Stack: [0x000000b30bb00000,0x000000b30bc00000]
Native frames: (J=compiled Java code, j=interpreted, Vv=VM code, C=native code)
V  [jvm.dll+0x683c9a]
V  [jvm.dll+0x8427a4]
V  [jvm.dll+0x843f9e]
V  [jvm.dll+0x844603]
V  [jvm.dll+0x249b75]
V  [jvm.dll+0xabcac]
V  [jvm.dll+0xac27c]
V  [jvm.dll+0x368857]
V  [jvm.dll+0x332f31]
V  [jvm.dll+0x3323da]
V  [jvm.dll+0x21c201]
V  [jvm.dll+0x21b621]
V  [jvm.dll+0x1a4fdd]
V  [jvm.dll+0x22b098]
V  [jvm.dll+0x229159]
V  [jvm.dll+0x7f81ec]
V  [jvm.dll+0x7f274a]
V  [jvm.dll+0x682ad5]
C  [ucrtbase.dll+0x37b0]
C  [KERNEL32.DLL+0x2e8d7]
C  [ntdll.dll+0x8c40c]


---------------  P R O C E S S  ---------------

Threads class SMR info:
_java_thread_list=0x0000020c29b74910, length=203, elements={
0x0000020c0e16cf10, 0x0000020c2945aee0, 0x0000020c2945bfb0, 0x0000020c29493ab0,
0x0000020c29494370, 0x0000020c29494c30, 0x0000020c294a76b0, 0x0000020c294ae8d0,
0x0000020c294af1d0, 0x0000020c294afee0, 0x0000020c29630310, 0x0000020c29632830,
0x0000020c2967d010, 0x0000020c2968eec0, 0x0000020c2aa81c50, 0x0000020c2c4283e0,
0x0000020c2c4288b0, 0x0000020c2c42b400, 0x0000020c2c42a590, 0x0000020c2c42af30,
0x0000020c2c428d80, 0x0000020c2c42b8d0, 0x0000020c2c427f10, 0x0000020c2c429250,
0x0000020c2c429720, 0x0000020c2c429bf0, 0x0000020c2c42a0c0, 0x0000020c2c42aa60,
0x0000020c2cd08790, 0x0000020c2cd0c150, 0x0000020c2cd0bc80, 0x0000020c2cd0c620,
0x0000020c2cd09130, 0x0000020c2cd0a940, 0x0000020c2cd08c60, 0x0000020c2cd0caf0,
0x0000020c2cd0b7b0, 0x0000020c2cd0b2e0, 0x0000020c2cd0d490, 0x0000020c2cd09ad0,
0x0000020c2cd09fa0, 0x0000020c2cd0f170, 0x0000020c2cd0e7d0, 0x0000020c2cd0eca0,
0x0000020c2cd0de30, 0x0000020c2cd0e300, 0x0000020c2cd0ffe0, 0x0000020c2ef76ea0,
0x0000020c2ef77840, 0x0000020c2ef75b60, 0x0000020c2ef769d0, 0x0000020c2ef77370,
0x0000020c2ef77d10, 0x0000020c2ef78b80, 0x0000020c2ef781e0, 0x0000020c2ef76030,
0x0000020c2ef75690, 0x0000020c2ef786b0, 0x0000020c2ef751c0, 0x0000020c2ef79ec0,
0x0000020c2ef79050, 0x0000020c2ef79520, 0x0000020c2ef799f0, 0x0000020c2ef76500,
0x0000020c2ef7c540, 0x0000020c2ef7b6d0, 0x0000020c2ef7a390, 0x0000020c2ef7a860,
0x0000020c2ef7ad30, 0x0000020c2ef7bba0, 0x0000020c2ef7b200, 0x0000020c2ef7c070,
0x0000020c2ef7ca10, 0x0000020c2a778730, 0x0000020c2a77a8e0, 0x0000020c2a779f40,
0x0000020c2a777d90, 0x0000020c2a778c00, 0x0000020c2a77a410, 0x0000020c2a7795a0,
0x0000020c2a7773f0, 0x0000020c2a77adb0, 0x0000020c2a77b280, 0x0000020c2a7778c0,
0x0000020c2a7790d0, 0x0000020c2a779a70, 0x0000020c2a77b750, 0x0000020c2a77bc20,
0x0000020c2a778260, 0x0000020c2a77ca90, 0x0000020c2a77ec40, 0x0000020c2a77c5c0,
0x0000020c2a77cf60, 0x0000020c2a77d430, 0x0000020c2a77ddd0, 0x0000020c2a77d900,
0x0000020c2a77c0f0, 0x0000020c2a77e2a0, 0x0000020c2a77e770, 0x0000020c2a438780,
0x0000020c2a439f90, 0x0000020c2a438c50, 0x0000020c2a4395f0, 0x0000020c2a437de0,
0x0000020c2a43a460, 0x0000020c2a43a930, 0x0000020c2a436f70, 0x0000020c2a437910,
0x0000020c2a43ae00, 0x0000020c2a437440, 0x0000020c2a43bc70, 0x0000020c2a43b2d0,
0x0000020c2a439ac0, 0x0000020c2a43b7a0, 0x0000020c2a4382b0, 0x0000020c2a43c140,
0x0000020c2a43cae0, 0x0000020c2a439120, 0x0000020c2a43c610, 0x0000020c2a43cfb0,
0x0000020c2a43e7c0, 0x0000020c2a43d480, 0x0000020c2a43d950, 0x0000020c2a43de20,
0x0000020c2a43e2f0, 0x0000020c2c86b490, 0x0000020c2c86a150, 0x0000020c2c86be30,
0x0000020c2c869c80, 0x0000020c2c86b960, 0x0000020c2c8692e0, 0x0000020c2c8697b0,
0x0000020c2c86c7d0, 0x0000020c2c86c300, 0x0000020c2c86afc0, 0x0000020c2c86a620,
0x0000020c2c868e10, 0x0000020c2c86aaf0, 0x0000020c2c86f7f0, 0x0000020c2c86ee50,
0x0000020c2c86f320, 0x0000020c2c86e980, 0x0000020c2c86fcc0, 0x0000020c2c870190,
0x0000020c2c86e4b0, 0x0000020c2c870660, 0x0000020c2c86cca0, 0x0000020c2c86d170,
0x0000020c2c86db10, 0x0000020c2c86d640, 0x0000020c2c86dfe0, 0x0000020c308972f0,
0x0000020c30895140, 0x0000020c308947a0, 0x0000020c308942d0, 0x0000020c30895610,
0x0000020c30898630, 0x0000020c30895ae0, 0x0000020c30895fb0, 0x0000020c30896950,
0x0000020c30896480, 0x0000020c308977c0, 0x0000020c30896e20, 0x0000020c30897c90,
0x0000020c30898160, 0x0000020c30894c70, 0x0000020c30898b00, 0x0000020c30898fd0,
0x0000020c308994a0, 0x0000020c30899970, 0x0000020c30899e40, 0x0000020c3089b650,
0x0000020c3089a310, 0x0000020c3089bb20, 0x0000020c3089a7e0, 0x0000020c3089acb0,
0x0000020c3089b180, 0x0000020c2c1a9bf0, 0x0000020c2c1ac270, 0x0000020c2c1aa590,
0x0000020c2c1ac740, 0x0000020c2c1aa0c0, 0x0000020c2d502590, 0x0000020c2d4ffd10,
0x0000020c330be250, 0x0000020c2c1ad5b0, 0x0000020c2c1ab8d0, 0x0000020c2c1ae420,
0x0000020c2c1ada80, 0x0000020c2c1adf50, 0x0000020c2c1ae8f0, 0x0000020c2c1aaf30,
0x0000020c2c1aedc0, 0x0000020c2c1af290, 0x0000020c2c1af760, 0x0000020c2c1abda0,
0x0000020c2c1b05d0, 0x0000020c2c1afc30, 0x0000020c2c1b0100, 0x0000020c2c1b0aa0,
0x0000020c2c1b0f70, 0x0000020c2cd0ae10, 0x0000020c2da191f0
}

Java Threads: ( => current thread )
  0x0000020c0e16cf10 JavaThread "main" [_thread_blocked, id=1552, stack(0x000000b308900000,0x000000b308a00000)]
  0x0000020c2945aee0 JavaThread "Reference Handler" daemon [_thread_blocked, id=5624, stack(0x000000b309000000,0x000000b309100000)]
  0x0000020c2945bfb0 JavaThread "Finalizer" daemon [_thread_blocked, id=17788, stack(0x000000b309100000,0x000000b309200000)]
  0x0000020c29493ab0 JavaThread "Signal Dispatcher" daemon [_thread_blocked, id=8820, stack(0x000000b309200000,0x000000b309300000)]
  0x0000020c29494370 JavaThread "Attach Listener" daemon [_thread_blocked, id=9448, stack(0x000000b309300000,0x000000b309400000)]
  0x0000020c29494c30 JavaThread "Service Thread" daemon [_thread_blocked, id=21872, stack(0x000000b309400000,0x000000b309500000)]
  0x0000020c294a76b0 JavaThread "Monitor Deflation Thread" daemon [_thread_blocked, id=21696, stack(0x000000b309500000,0x000000b309600000)]
  0x0000020c294ae8d0 JavaThread "C2 CompilerThread0" daemon [_thread_in_native, id=15928, stack(0x000000b309600000,0x000000b309700000)]
  0x0000020c294af1d0 JavaThread "C1 CompilerThread0" daemon [_thread_blocked, id=15692, stack(0x000000b309700000,0x000000b309800000)]
  0x0000020c294afee0 JavaThread "Sweeper thread" daemon [_thread_blocked, id=11140, stack(0x000000b309800000,0x000000b309900000)]
  0x0000020c29630310 JavaThread "C1 CompilerThread1" daemon [_thread_blocked, id=7300, stack(0x000000b309900000,0x000000b309a00000)]
  0x0000020c29632830 JavaThread "C1 CompilerThread2" daemon [_thread_blocked, id=11740, stack(0x000000b309a00000,0x000000b309b00000)]
  0x0000020c2967d010 JavaThread "Common-Cleaner" daemon [_thread_blocked, id=14296, stack(0x000000b309b00000,0x000000b309c00000)]
  0x0000020c2968eec0 JavaThread "Notification Thread" daemon [_thread_blocked, id=15684, stack(0x000000b309c00000,0x000000b309d00000)]
  0x0000020c2aa81c50 JavaThread "C1 CompilerThread3" daemon [_thread_blocked, id=10808, stack(0x000000b309f00000,0x000000b30a000000)]
  0x0000020c2c4283e0 JavaThread "Daemon health stats" [_thread_blocked, id=5080, stack(0x000000b30a700000,0x000000b30a800000)]
  0x0000020c2c4288b0 JavaThread "Incoming local TCP Connector on port 51580" [_thread_in_native, id=10168, stack(0x000000b30a500000,0x000000b30a600000)]
  0x0000020c2c42b400 JavaThread "Daemon periodic checks" [_thread_blocked, id=11156, stack(0x000000b30a600000,0x000000b30a700000)]
  0x0000020c2c42a590 JavaThread "Daemon" [_thread_blocked, id=12856, stack(0x000000b30a800000,0x000000b30a900000)]
  0x0000020c2c42af30 JavaThread "Handler for socket connection from /127.0.0.1:51580 to /127.0.0.1:51581" [_thread_in_native, id=21364, stack(0x000000b30a900000,0x000000b30aa00000)]
  0x0000020c2c428d80 JavaThread "Cancel handler" [_thread_blocked, id=5992, stack(0x000000b30aa00000,0x000000b30ab00000)]
  0x0000020c2c42b8d0 JavaThread "Daemon worker" [_thread_blocked, id=23344, stack(0x000000b30ab00000,0x000000b30ac00000)]
  0x0000020c2c427f10 JavaThread "Asynchronous log dispatcher for DefaultDaemonConnection: socket connection from /127.0.0.1:51580 to /127.0.0.1:51581" [_thread_blocked, id=18772, stack(0x000000b30ac00000,0x000000b30ad00000)]
  0x0000020c2c429250 JavaThread "Stdin handler" [_thread_blocked, id=12344, stack(0x000000b30ad00000,0x000000b30ae00000)]
  0x0000020c2c429720 JavaThread "Daemon client event forwarder" [_thread_blocked, id=17780, stack(0x000000b30ae00000,0x000000b30af00000)]
  0x0000020c2c429bf0 JavaThread "Cache worker for journal cache (C:\Users\shuik\Desktop\Android Studio\Sdk\caches\journal-1)" [_thread_blocked, id=1316, stack(0x000000b30b800000,0x000000b30b900000)]
  0x0000020c2c42a0c0 JavaThread "File lock request listener" [_thread_in_native, id=2620, stack(0x000000b30b900000,0x000000b30ba00000)]
  0x0000020c2c42aa60 JavaThread "Cache worker for file hash cache (C:\Users\shuik\Desktop\Android Studio\Sdk\caches\8.0\fileHashes)" [_thread_blocked, id=1184, stack(0x000000b30ba00000,0x000000b30bb00000)]
  0x0000020c2cd08790 JavaThread "File watcher server" daemon [_thread_in_native, id=1816, stack(0x000000b30bd00000,0x000000b30be00000)]
  0x0000020c2cd0c150 JavaThread "File watcher consumer" daemon [_thread_blocked, id=12368, stack(0x000000b30be00000,0x000000b30bf00000)]
  0x0000020c2cd0bc80 JavaThread "Cache worker for checksums cache (C:\Users\shuik\Documents\GitHub\Ovulitos\Android_Ovulitos\.gradle\8.0\checksums)" [_thread_blocked, id=22116, stack(0x000000b30bc00000,0x000000b30bd00000)]
  0x0000020c2cd0c620 JavaThread "Cache worker for cache directory md-rule (C:\Users\shuik\Desktop\Android Studio\Sdk\caches\8.0\md-rule)" [_thread_blocked, id=16632, stack(0x000000b30bf00000,0x000000b30c000000)]
  0x0000020c2cd09130 JavaThread "Cache worker for file content cache (C:\Users\shuik\Desktop\Android Studio\Sdk\caches\8.0\fileContent)" [_thread_blocked, id=10588, stack(0x000000b30c000000,0x000000b30c100000)]
  0x0000020c2cd0a940 JavaThread "Cache worker for file hash cache (C:\Users\shuik\Documents\GitHub\Ovulitos\Android_Ovulitos\.gradle\8.0\fileHashes)" [_thread_blocked, id=14560, stack(0x000000b30c100000,0x000000b30c200000)]
  0x0000020c2cd08c60 JavaThread "Cache worker for cache directory md-supplier (C:\Users\shuik\Desktop\Android Studio\Sdk\caches\8.0\md-supplier)" [_thread_blocked, id=15916, stack(0x000000b30c200000,0x000000b30c300000)]
  0x0000020c2cd0caf0 JavaThread "Cache worker for execution history cache (C:\Users\shuik\Desktop\Android Studio\Sdk\caches\8.0\executionHistory)" [_thread_blocked, id=17824, stack(0x000000b30c300000,0x000000b30c400000)]
  0x0000020c2cd0b7b0 JavaThread "jar transforms" [_thread_blocked, id=15372, stack(0x000000b30c400000,0x000000b30c500000)]
  0x0000020c2cd0b2e0 JavaThread "jar transforms Thread 2" [_thread_blocked, id=7272, stack(0x000000b30c500000,0x000000b30c600000)]
  0x0000020c2cd0d490 JavaThread "Cache worker for kotlin-dsl (C:\Users\shuik\Desktop\Android Studio\Sdk\caches\8.0\kotlin-dsl)" [_thread_blocked, id=8684, stack(0x000000b30c700000,0x000000b30c800000)]
  0x0000020c2cd09ad0 JavaThread "jar transforms Thread 3" [_thread_blocked, id=15520, stack(0x000000b30c800000,0x000000b30c900000)]
  0x0000020c2cd09fa0 JavaThread "jar transforms Thread 4" [_thread_blocked, id=17008, stack(0x000000b30c900000,0x000000b30ca00000)]
  0x0000020c2cd0f170 JavaThread "Cache worker for dependencies-accessors (C:\Users\shuik\Documents\GitHub\Ovulitos\Android_Ovulitos\.gradle\8.0\dependencies-accessors)" [_thread_blocked, id=21352, stack(0x000000b30ca00000,0x000000b30cb00000)]
  0x0000020c2cd0e7d0 JavaThread "Cache worker for Build Output Cleanup Cache (C:\Users\shuik\Documents\GitHub\Ovulitos\Android_Ovulitos\.gradle\buildOutputCleanup)" [_thread_blocked, id=12936, stack(0x000000b30cb00000,0x000000b30cc00000)]
  0x0000020c2cd0eca0 JavaThread "jar transforms Thread 5" [_thread_blocked, id=9028, stack(0x000000b30cc00000,0x000000b30cd00000)]
  0x0000020c2cd0de30 JavaThread "Unconstrained build operations" [_thread_blocked, id=9092, stack(0x000000b30cd00000,0x000000b30ce00000)]
  0x0000020c2cd0e300 JavaThread "Unconstrained build operations Thread 2" [_thread_blocked, id=18916, stack(0x000000b30ce00000,0x000000b30cf00000)]
  0x0000020c2cd0ffe0 JavaThread "Unconstrained build operations Thread 3" [_thread_blocked, id=16976, stack(0x000000b30cf00000,0x000000b30d000000)]
  0x0000020c2ef76ea0 JavaThread "Unconstrained build operations Thread 4" [_thread_blocked, id=12632, stack(0x000000b30d000000,0x000000b30d100000)]
  0x0000020c2ef77840 JavaThread "Unconstrained build operations Thread 5" [_thread_blocked, id=1652, stack(0x000000b30d100000,0x000000b30d200000)]
  0x0000020c2ef75b60 JavaThread "Unconstrained build operations Thread 6" [_thread_blocked, id=17580, stack(0x000000b30d200000,0x000000b30d300000)]
  0x0000020c2ef769d0 JavaThread "Unconstrained build operations Thread 7" [_thread_blocked, id=9712, stack(0x000000b30d300000,0x000000b30d400000)]
  0x0000020c2ef77370 JavaThread "Unconstrained build operations Thread 8" [_thread_blocked, id=13684, stack(0x000000b30d400000,0x000000b30d500000)]
  0x0000020c2ef77d10 JavaThread "Unconstrained build operations Thread 9" [_thread_blocked, id=8256, stack(0x000000b30d500000,0x000000b30d600000)]
  0x0000020c2ef78b80 JavaThread "Unconstrained build operations Thread 10" [_thread_blocked, id=19004, stack(0x000000b30d600000,0x000000b30d700000)]
  0x0000020c2ef781e0 JavaThread "Unconstrained build operations Thread 11" [_thread_blocked, id=21064, stack(0x000000b30d700000,0x000000b30d800000)]
  0x0000020c2ef76030 JavaThread "Unconstrained build operations Thread 12" [_thread_blocked, id=20180, stack(0x000000b30d800000,0x000000b30d900000)]
  0x0000020c2ef75690 JavaThread "Unconstrained build operations Thread 13" [_thread_blocked, id=10072, stack(0x000000b30d900000,0x000000b30da00000)]
  0x0000020c2ef786b0 JavaThread "Unconstrained build operations Thread 14" [_thread_blocked, id=12916, stack(0x000000b30da00000,0x000000b30db00000)]
  0x0000020c2ef751c0 JavaThread "Unconstrained build operations Thread 15" [_thread_blocked, id=4692, stack(0x000000b30db00000,0x000000b30dc00000)]
  0x0000020c2ef79ec0 JavaThread "Unconstrained build operations Thread 16" [_thread_blocked, id=15592, stack(0x000000b30dc00000,0x000000b30dd00000)]
  0x0000020c2ef79050 JavaThread "Unconstrained build operations Thread 17" [_thread_blocked, id=17592, stack(0x000000b30dd00000,0x000000b30de00000)]
  0x0000020c2ef79520 JavaThread "Unconstrained build operations Thread 18" [_thread_blocked, id=4028, stack(0x000000b30de00000,0x000000b30df00000)]
  0x0000020c2ef799f0 JavaThread "Unconstrained build operations Thread 19" [_thread_blocked, id=4344, stack(0x000000b30df00000,0x000000b30e000000)]
  0x0000020c2ef76500 JavaThread "Unconstrained build operations Thread 20" [_thread_blocked, id=6908, stack(0x000000b30e000000,0x000000b30e100000)]
  0x0000020c2ef7c540 JavaThread "Unconstrained build operations Thread 21" [_thread_blocked, id=13536, stack(0x000000b30e100000,0x000000b30e200000)]
  0x0000020c2ef7b6d0 JavaThread "Unconstrained build operations Thread 22" [_thread_blocked, id=5464, stack(0x000000b30e200000,0x000000b30e300000)]
  0x0000020c2ef7a390 JavaThread "Unconstrained build operations Thread 23" [_thread_blocked, id=8724, stack(0x000000b30e300000,0x000000b30e400000)]
  0x0000020c2ef7a860 JavaThread "Unconstrained build operations Thread 24" [_thread_blocked, id=20824, stack(0x000000b30e400000,0x000000b30e500000)]
  0x0000020c2ef7ad30 JavaThread "Unconstrained build operations Thread 25" [_thread_blocked, id=8444, stack(0x000000b30e500000,0x000000b30e600000)]
  0x0000020c2ef7bba0 JavaThread "Unconstrained build operations Thread 26" [_thread_blocked, id=16016, stack(0x000000b30e600000,0x000000b30e700000)]
  0x0000020c2ef7b200 JavaThread "Unconstrained build operations Thread 27" [_thread_blocked, id=2856, stack(0x000000b30e700000,0x000000b30e800000)]
  0x0000020c2ef7c070 JavaThread "Unconstrained build operations Thread 28" [_thread_blocked, id=17508, stack(0x000000b30e800000,0x000000b30e900000)]
  0x0000020c2ef7ca10 JavaThread "Unconstrained build operations Thread 29" [_thread_blocked, id=12548, stack(0x000000b30e900000,0x000000b30ea00000)]
  0x0000020c2a778730 JavaThread "Unconstrained build operations Thread 30" [_thread_blocked, id=13224, stack(0x000000b30ea00000,0x000000b30eb00000)]
  0x0000020c2a77a8e0 JavaThread "Unconstrained build operations Thread 31" [_thread_blocked, id=964, stack(0x000000b30eb00000,0x000000b30ec00000)]
  0x0000020c2a779f40 JavaThread "Unconstrained build operations Thread 32" [_thread_blocked, id=3324, stack(0x000000b30ec00000,0x000000b30ed00000)]
  0x0000020c2a777d90 JavaThread "Unconstrained build operations Thread 33" [_thread_blocked, id=9340, stack(0x000000b30ed00000,0x000000b30ee00000)]
  0x0000020c2a778c00 JavaThread "Unconstrained build operations Thread 34" [_thread_blocked, id=18480, stack(0x000000b30ee00000,0x000000b30ef00000)]
  0x0000020c2a77a410 JavaThread "Unconstrained build operations Thread 35" [_thread_blocked, id=9320, stack(0x000000b30ef00000,0x000000b30f000000)]
  0x0000020c2a7795a0 JavaThread "Unconstrained build operations Thread 36" [_thread_blocked, id=5508, stack(0x000000b30f000000,0x000000b30f100000)]
  0x0000020c2a7773f0 JavaThread "Unconstrained build operations Thread 37" [_thread_blocked, id=21004, stack(0x000000b30f100000,0x000000b30f200000)]
  0x0000020c2a77adb0 JavaThread "Unconstrained build operations Thread 38" [_thread_blocked, id=10368, stack(0x000000b30f200000,0x000000b30f300000)]
  0x0000020c2a77b280 JavaThread "Unconstrained build operations Thread 39" [_thread_blocked, id=19116, stack(0x000000b30f300000,0x000000b30f400000)]
  0x0000020c2a7778c0 JavaThread "Unconstrained build operations Thread 40" [_thread_blocked, id=8008, stack(0x000000b30f400000,0x000000b30f500000)]
  0x0000020c2a7790d0 JavaThread "Unconstrained build operations Thread 41" [_thread_blocked, id=15640, stack(0x000000b30f500000,0x000000b30f600000)]
  0x0000020c2a779a70 JavaThread "Unconstrained build operations Thread 42" [_thread_blocked, id=12828, stack(0x000000b30f600000,0x000000b30f700000)]
  0x0000020c2a77b750 JavaThread "Unconstrained build operations Thread 43" [_thread_blocked, id=3348, stack(0x000000b30f700000,0x000000b30f800000)]
  0x0000020c2a77bc20 JavaThread "Unconstrained build operations Thread 44" [_thread_blocked, id=10832, stack(0x000000b30f800000,0x000000b30f900000)]
  0x0000020c2a778260 JavaThread "Unconstrained build operations Thread 45" [_thread_blocked, id=23108, stack(0x000000b30f900000,0x000000b30fa00000)]
  0x0000020c2a77ca90 JavaThread "Unconstrained build operations Thread 46" [_thread_blocked, id=23212, stack(0x000000b30fa00000,0x000000b30fb00000)]
  0x0000020c2a77ec40 JavaThread "Unconstrained build operations Thread 47" [_thread_blocked, id=22584, stack(0x000000b30fb00000,0x000000b30fc00000)]
  0x0000020c2a77c5c0 JavaThread "Unconstrained build operations Thread 48" [_thread_blocked, id=18040, stack(0x000000b30fc00000,0x000000b30fd00000)]
  0x0000020c2a77cf60 JavaThread "Unconstrained build operations Thread 49" [_thread_blocked, id=20808, stack(0x000000b30fd00000,0x000000b30fe00000)]
  0x0000020c2a77d430 JavaThread "Unconstrained build operations Thread 50" [_thread_blocked, id=6828, stack(0x000000b30fe00000,0x000000b30ff00000)]
  0x0000020c2a77ddd0 JavaThread "Unconstrained build operations Thread 51" [_thread_blocked, id=1680, stack(0x000000b30ff00000,0x000000b310000000)]
  0x0000020c2a77d900 JavaThread "Unconstrained build operations Thread 52" [_thread_blocked, id=4268, stack(0x000000b310000000,0x000000b310100000)]
  0x0000020c2a77c0f0 JavaThread "Unconstrained build operations Thread 53" [_thread_blocked, id=6928, stack(0x000000b310100000,0x000000b310200000)]
  0x0000020c2a77e2a0 JavaThread "Unconstrained build operations Thread 54" [_thread_blocked, id=9020, stack(0x000000b310200000,0x000000b310300000)]
  0x0000020c2a77e770 JavaThread "Unconstrained build operations Thread 55" [_thread_blocked, id=5452, stack(0x000000b310300000,0x000000b310400000)]
  0x0000020c2a438780 JavaThread "Unconstrained build operations Thread 56" [_thread_blocked, id=3108, stack(0x000000b310400000,0x000000b310500000)]
  0x0000020c2a439f90 JavaThread "Unconstrained build operations Thread 57" [_thread_blocked, id=13844, stack(0x000000b310500000,0x000000b310600000)]
  0x0000020c2a438c50 JavaThread "Unconstrained build operations Thread 58" [_thread_blocked, id=22240, stack(0x000000b310600000,0x000000b310700000)]
  0x0000020c2a4395f0 JavaThread "Unconstrained build operations Thread 59" [_thread_blocked, id=19180, stack(0x000000b310700000,0x000000b310800000)]
  0x0000020c2a437de0 JavaThread "Unconstrained build operations Thread 60" [_thread_blocked, id=8228, stack(0x000000b310800000,0x000000b310900000)]
  0x0000020c2a43a460 JavaThread "Unconstrained build operations Thread 61" [_thread_blocked, id=1256, stack(0x000000b310900000,0x000000b310a00000)]
  0x0000020c2a43a930 JavaThread "Unconstrained build operations Thread 62" [_thread_blocked, id=16268, stack(0x000000b310a00000,0x000000b310b00000)]
  0x0000020c2a436f70 JavaThread "Unconstrained build operations Thread 63" [_thread_blocked, id=20484, stack(0x000000b310b00000,0x000000b310c00000)]
  0x0000020c2a437910 JavaThread "Unconstrained build operations Thread 64" [_thread_blocked, id=18780, stack(0x000000b310c00000,0x000000b310d00000)]
  0x0000020c2a43ae00 JavaThread "Unconstrained build operations Thread 65" [_thread_blocked, id=22788, stack(0x000000b310d00000,0x000000b310e00000)]
  0x0000020c2a437440 JavaThread "Unconstrained build operations Thread 66" [_thread_blocked, id=18804, stack(0x000000b310e00000,0x000000b310f00000)]
  0x0000020c2a43bc70 JavaThread "Unconstrained build operations Thread 67" [_thread_blocked, id=6196, stack(0x000000b310f00000,0x000000b311000000)]
  0x0000020c2a43b2d0 JavaThread "Unconstrained build operations Thread 68" [_thread_blocked, id=11056, stack(0x000000b311000000,0x000000b311100000)]
  0x0000020c2a439ac0 JavaThread "Unconstrained build operations Thread 69" [_thread_blocked, id=14028, stack(0x000000b311100000,0x000000b311200000)]
  0x0000020c2a43b7a0 JavaThread "Unconstrained build operations Thread 70" [_thread_blocked, id=10304, stack(0x000000b311200000,0x000000b311300000)]
  0x0000020c2a4382b0 JavaThread "Unconstrained build operations Thread 71" [_thread_blocked, id=19988, stack(0x000000b311300000,0x000000b311400000)]
  0x0000020c2a43c140 JavaThread "Unconstrained build operations Thread 72" [_thread_blocked, id=10548, stack(0x000000b311400000,0x000000b311500000)]
  0x0000020c2a43cae0 JavaThread "Unconstrained build operations Thread 73" [_thread_blocked, id=3304, stack(0x000000b311500000,0x000000b311600000)]
  0x0000020c2a439120 JavaThread "Unconstrained build operations Thread 74" [_thread_blocked, id=16584, stack(0x000000b311600000,0x000000b311700000)]
  0x0000020c2a43c610 JavaThread "Unconstrained build operations Thread 75" [_thread_blocked, id=18968, stack(0x000000b311700000,0x000000b311800000)]
  0x0000020c2a43cfb0 JavaThread "Unconstrained build operations Thread 76" [_thread_blocked, id=22872, stack(0x000000b311800000,0x000000b311900000)]
  0x0000020c2a43e7c0 JavaThread "Unconstrained build operations Thread 77" [_thread_blocked, id=17728, stack(0x000000b311900000,0x000000b311a00000)]
  0x0000020c2a43d480 JavaThread "Unconstrained build operations Thread 78" [_thread_blocked, id=12048, stack(0x000000b311a00000,0x000000b311b00000)]
  0x0000020c2a43d950 JavaThread "Unconstrained build operations Thread 79" [_thread_blocked, id=19680, stack(0x000000b311b00000,0x000000b311c00000)]
  0x0000020c2a43de20 JavaThread "Unconstrained build operations Thread 80" [_thread_blocked, id=1176, stack(0x000000b311c00000,0x000000b311d00000)]
  0x0000020c2a43e2f0 JavaThread "Unconstrained build operations Thread 81" [_thread_blocked, id=13856, stack(0x000000b311d00000,0x000000b311e00000)]
  0x0000020c2c86b490 JavaThread "Unconstrained build operations Thread 82" [_thread_blocked, id=7276, stack(0x000000b311e00000,0x000000b311f00000)]
  0x0000020c2c86a150 JavaThread "Unconstrained build operations Thread 83" [_thread_blocked, id=15944, stack(0x000000b311f00000,0x000000b312000000)]
  0x0000020c2c86be30 JavaThread "Unconstrained build operations Thread 84" [_thread_blocked, id=7636, stack(0x000000b312000000,0x000000b312100000)]
  0x0000020c2c869c80 JavaThread "Unconstrained build operations Thread 85" [_thread_blocked, id=20436, stack(0x000000b312100000,0x000000b312200000)]
  0x0000020c2c86b960 JavaThread "Unconstrained build operations Thread 86" [_thread_blocked, id=10788, stack(0x000000b312200000,0x000000b312300000)]
  0x0000020c2c8692e0 JavaThread "Unconstrained build operations Thread 87" [_thread_blocked, id=17120, stack(0x000000b312300000,0x000000b312400000)]
  0x0000020c2c8697b0 JavaThread "Unconstrained build operations Thread 88" [_thread_blocked, id=13892, stack(0x000000b312400000,0x000000b312500000)]
  0x0000020c2c86c7d0 JavaThread "Unconstrained build operations Thread 89" [_thread_blocked, id=2696, stack(0x000000b312500000,0x000000b312600000)]
  0x0000020c2c86c300 JavaThread "Unconstrained build operations Thread 90" [_thread_blocked, id=23092, stack(0x000000b312600000,0x000000b312700000)]
  0x0000020c2c86afc0 JavaThread "Unconstrained build operations Thread 91" [_thread_blocked, id=19492, stack(0x000000b312700000,0x000000b312800000)]
  0x0000020c2c86a620 JavaThread "Unconstrained build operations Thread 92" [_thread_blocked, id=17988, stack(0x000000b312800000,0x000000b312900000)]
  0x0000020c2c868e10 JavaThread "Unconstrained build operations Thread 93" [_thread_blocked, id=16636, stack(0x000000b312900000,0x000000b312a00000)]
  0x0000020c2c86aaf0 JavaThread "Unconstrained build operations Thread 94" [_thread_blocked, id=16936, stack(0x000000b312a00000,0x000000b312b00000)]
  0x0000020c2c86f7f0 JavaThread "Unconstrained build operations Thread 95" [_thread_blocked, id=15892, stack(0x000000b312b00000,0x000000b312c00000)]
  0x0000020c2c86ee50 JavaThread "Unconstrained build operations Thread 96" [_thread_blocked, id=13104, stack(0x000000b312c00000,0x000000b312d00000)]
  0x0000020c2c86f320 JavaThread "Unconstrained build operations Thread 97" [_thread_blocked, id=19516, stack(0x000000b312d00000,0x000000b312e00000)]
  0x0000020c2c86e980 JavaThread "Unconstrained build operations Thread 98" [_thread_blocked, id=12988, stack(0x000000b312e00000,0x000000b312f00000)]
  0x0000020c2c86fcc0 JavaThread "Unconstrained build operations Thread 99" [_thread_blocked, id=10476, stack(0x000000b312f00000,0x000000b313000000)]
  0x0000020c2c870190 JavaThread "Unconstrained build operations Thread 100" [_thread_blocked, id=16776, stack(0x000000b313000000,0x000000b313100000)]
  0x0000020c2c86e4b0 JavaThread "Unconstrained build operations Thread 101" [_thread_blocked, id=14984, stack(0x000000b313100000,0x000000b313200000)]
  0x0000020c2c870660 JavaThread "Unconstrained build operations Thread 102" [_thread_blocked, id=19864, stack(0x000000b313200000,0x000000b313300000)]
  0x0000020c2c86cca0 JavaThread "Unconstrained build operations Thread 103" [_thread_blocked, id=11812, stack(0x000000b313300000,0x000000b313400000)]
  0x0000020c2c86d170 JavaThread "Unconstrained build operations Thread 104" [_thread_blocked, id=14244, stack(0x000000b313400000,0x000000b313500000)]
  0x0000020c2c86db10 JavaThread "Unconstrained build operations Thread 105" [_thread_blocked, id=22248, stack(0x000000b313500000,0x000000b313600000)]
  0x0000020c2c86d640 JavaThread "Unconstrained build operations Thread 106" [_thread_blocked, id=17424, stack(0x000000b313600000,0x000000b313700000)]
  0x0000020c2c86dfe0 JavaThread "Unconstrained build operations Thread 107" [_thread_blocked, id=1532, stack(0x000000b313700000,0x000000b313800000)]
  0x0000020c308972f0 JavaThread "Unconstrained build operations Thread 108" [_thread_blocked, id=19296, stack(0x000000b313800000,0x000000b313900000)]
  0x0000020c30895140 JavaThread "Unconstrained build operations Thread 109" [_thread_blocked, id=7984, stack(0x000000b313900000,0x000000b313a00000)]
  0x0000020c308947a0 JavaThread "Unconstrained build operations Thread 110" [_thread_blocked, id=14480, stack(0x000000b313a00000,0x000000b313b00000)]
  0x0000020c308942d0 JavaThread "Unconstrained build operations Thread 111" [_thread_blocked, id=20192, stack(0x000000b313b00000,0x000000b313c00000)]
  0x0000020c30895610 JavaThread "Unconstrained build operations Thread 112" [_thread_blocked, id=7560, stack(0x000000b313c00000,0x000000b313d00000)]
  0x0000020c30898630 JavaThread "Unconstrained build operations Thread 113" [_thread_blocked, id=11868, stack(0x000000b313d00000,0x000000b313e00000)]
  0x0000020c30895ae0 JavaThread "Unconstrained build operations Thread 114" [_thread_blocked, id=13544, stack(0x000000b313e00000,0x000000b313f00000)]
  0x0000020c30895fb0 JavaThread "Unconstrained build operations Thread 115" [_thread_blocked, id=2428, stack(0x000000b313f00000,0x000000b314000000)]
  0x0000020c30896950 JavaThread "Unconstrained build operations Thread 116" [_thread_blocked, id=19140, stack(0x000000b314000000,0x000000b314100000)]
  0x0000020c30896480 JavaThread "Unconstrained build operations Thread 117" [_thread_blocked, id=12556, stack(0x000000b314100000,0x000000b314200000)]
  0x0000020c308977c0 JavaThread "Unconstrained build operations Thread 118" [_thread_blocked, id=2028, stack(0x000000b314200000,0x000000b314300000)]
  0x0000020c30896e20 JavaThread "Unconstrained build operations Thread 119" [_thread_blocked, id=12396, stack(0x000000b314300000,0x000000b314400000)]
  0x0000020c30897c90 JavaThread "Unconstrained build operations Thread 120" [_thread_blocked, id=16744, stack(0x000000b314400000,0x000000b314500000)]
  0x0000020c30898160 JavaThread "Unconstrained build operations Thread 121" [_thread_blocked, id=20980, stack(0x000000b314500000,0x000000b314600000)]
  0x0000020c30894c70 JavaThread "Unconstrained build operations Thread 122" [_thread_blocked, id=15748, stack(0x000000b314600000,0x000000b314700000)]
  0x0000020c30898b00 JavaThread "Unconstrained build operations Thread 123" [_thread_blocked, id=4472, stack(0x000000b314700000,0x000000b314800000)]
  0x0000020c30898fd0 JavaThread "Unconstrained build operations Thread 124" [_thread_blocked, id=21052, stack(0x000000b314800000,0x000000b314900000)]
  0x0000020c308994a0 JavaThread "Unconstrained build operations Thread 125" [_thread_blocked, id=23152, stack(0x000000b314900000,0x000000b314a00000)]
  0x0000020c30899970 JavaThread "jar transforms Thread 6" [_thread_blocked, id=11688, stack(0x000000b314a00000,0x000000b314b00000)]
  0x0000020c30899e40 JavaThread "jar transforms Thread 7" [_thread_blocked, id=14276, stack(0x000000b314b00000,0x000000b314c00000)]
  0x0000020c3089b650 JavaThread "jar transforms Thread 8" [_thread_blocked, id=2964, stack(0x000000b314c00000,0x000000b314d00000)]
  0x0000020c3089a310 JavaThread "jar transforms Thread 9" [_thread_blocked, id=11088, stack(0x000000b314d00000,0x000000b314e00000)]
  0x0000020c3089bb20 JavaThread "jar transforms Thread 10" [_thread_blocked, id=15608, stack(0x000000b314e00000,0x000000b314f00000)]
  0x0000020c3089a7e0 JavaThread "jar transforms Thread 11" [_thread_blocked, id=6840, stack(0x000000b314f00000,0x000000b315000000)]
  0x0000020c3089acb0 JavaThread "jar transforms Thread 12" [_thread_blocked, id=2600, stack(0x000000b315000000,0x000000b315100000)]
  0x0000020c3089b180 JavaThread "jar transforms Thread 13" [_thread_blocked, id=10432, stack(0x000000b315100000,0x000000b315200000)]
  0x0000020c2c1a9bf0 JavaThread "jar transforms Thread 14" [_thread_blocked, id=20184, stack(0x000000b315200000,0x000000b315300000)]
  0x0000020c2c1ac270 JavaThread "jar transforms Thread 15" [_thread_blocked, id=23016, stack(0x000000b315300000,0x000000b315400000)]
  0x0000020c2c1aa590 JavaThread "jar transforms Thread 16" [_thread_blocked, id=7796, stack(0x000000b315400000,0x000000b315500000)]
  0x0000020c2c1ac740 JavaThread "build event listener" [_thread_blocked, id=8840, stack(0x000000b30c600000,0x000000b30c700000)]
  0x0000020c2c1aa0c0 JavaThread "Memory manager" [_thread_blocked, id=16480, stack(0x000000b315700000,0x000000b315800000)]
  0x0000020c2d502590 JavaThread "C2 CompilerThread1" daemon [_thread_in_native, id=18312, stack(0x000000b309e00000,0x000000b309f00000)]
=>0x0000020c2d4ffd10 JavaThread "C2 CompilerThread2" daemon [_thread_in_native, id=19616, stack(0x000000b30bb00000,0x000000b30bc00000)]
  0x0000020c330be250 JavaThread "C2 CompilerThread3" daemon [_thread_in_native, id=9640, stack(0x000000b315800000,0x000000b315900000)]
  0x0000020c2c1ad5b0 JavaThread "pool-3-thread-1" [_thread_blocked, id=19716, stack(0x000000b315900000,0x000000b315a00000)]
  0x0000020c2c1ab8d0 JavaThread "build event listener" [_thread_blocked, id=4388, stack(0x000000b315a00000,0x000000b315b00000)]
  0x0000020c2c1ae420 JavaThread "included builds" [_thread_blocked, id=23244, stack(0x000000b315b00000,0x000000b315c00000)]
  0x0000020c2c1ada80 JavaThread "Execution worker" [_thread_blocked, id=6988, stack(0x000000b315c00000,0x000000b315d00000)]
  0x0000020c2c1adf50 JavaThread "Execution worker Thread 2" [_thread_in_native, id=20920, stack(0x000000b315d00000,0x000000b315e00000)]
  0x0000020c2c1ae8f0 JavaThread "Execution worker Thread 3" [_thread_blocked, id=2108, stack(0x000000b315e00000,0x000000b315f00000)]
  0x0000020c2c1aaf30 JavaThread "Execution worker Thread 4" [_thread_blocked, id=12020, stack(0x000000b315f00000,0x000000b316000000)]
  0x0000020c2c1aedc0 JavaThread "Execution worker Thread 5" [_thread_blocked, id=16452, stack(0x000000b316000000,0x000000b316100000)]
  0x0000020c2c1af290 JavaThread "Execution worker Thread 6" [_thread_blocked, id=21160, stack(0x000000b316100000,0x000000b316200000)]
  0x0000020c2c1af760 JavaThread "Execution worker Thread 7" [_thread_blocked, id=8728, stack(0x000000b316200000,0x000000b316300000)]
  0x0000020c2c1abda0 JavaThread "Execution worker Thread 8" [_thread_blocked, id=22112, stack(0x000000b316300000,0x000000b316400000)]
  0x0000020c2c1b05d0 JavaThread "Execution worker Thread 9" [_thread_blocked, id=9160, stack(0x000000b316400000,0x000000b316500000)]
  0x0000020c2c1afc30 JavaThread "Execution worker Thread 10" [_thread_blocked, id=9188, stack(0x000000b316500000,0x000000b316600000)]
  0x0000020c2c1b0100 JavaThread "Execution worker Thread 11" [_thread_blocked, id=4496, stack(0x000000b316600000,0x000000b316700000)]
  0x0000020c2c1b0aa0 JavaThread "Execution worker Thread 12" [_thread_blocked, id=4488, stack(0x000000b316700000,0x000000b316800000)]
  0x0000020c2c1b0f70 JavaThread "Execution worker Thread 13" [_thread_blocked, id=16200, stack(0x000000b316800000,0x000000b316900000)]
  0x0000020c2cd0ae10 JavaThread "Execution worker Thread 14" [_thread_blocked, id=7380, stack(0x000000b316900000,0x000000b316a00000)]
  0x0000020c2da191f0 JavaThread "Execution worker Thread 15" [_thread_blocked, id=6940, stack(0x000000b316a00000,0x000000b316b00000)]

Other Threads:
  0x0000020c29458520 VMThread "VM Thread" [stack: 0x000000b308f00000,0x000000b309000000] [id=12160]
  0x0000020c29691dc0 WatcherThread [stack: 0x000000b309d00000,0x000000b309e00000] [id=17432]
  0x0000020c0e1cde70 GCTaskThread "GC Thread#0" [stack: 0x000000b308a00000,0x000000b308b00000] [id=14776]
  0x0000020c2a4fe020 GCTaskThread "GC Thread#1" [stack: 0x000000b30a000000,0x000000b30a100000] [id=11368]
  0x0000020c2aa246c0 GCTaskThread "GC Thread#2" [stack: 0x000000b30a100000,0x000000b30a200000] [id=10720]
  0x0000020c2aa24970 GCTaskThread "GC Thread#3" [stack: 0x000000b30a200000,0x000000b30a300000] [id=8708]
  0x0000020c2add2010 GCTaskThread "GC Thread#4" [stack: 0x000000b30a300000,0x000000b30a400000] [id=6368]
  0x0000020c2add22c0 GCTaskThread "GC Thread#5" [stack: 0x000000b30a400000,0x000000b30a500000] [id=5292]
  0x0000020c2a364490 GCTaskThread "GC Thread#6" [stack: 0x000000b30af00000,0x000000b30b000000] [id=21208]
  0x0000020c2a364740 GCTaskThread "GC Thread#7" [stack: 0x000000b30b000000,0x000000b30b100000] [id=2116]
  0x0000020c2a3649f0 GCTaskThread "GC Thread#8" [stack: 0x000000b30b100000,0x000000b30b200000] [id=6444]
  0x0000020c2a364ca0 GCTaskThread "GC Thread#9" [stack: 0x000000b30b200000,0x000000b30b300000] [id=2132]
  0x0000020c2a365200 GCTaskThread "GC Thread#10" [stack: 0x000000b30b300000,0x000000b30b400000] [id=4804]
  0x0000020c2a364f50 GCTaskThread "GC Thread#11" [stack: 0x000000b30b400000,0x000000b30b500000] [id=12172]
  0x0000020c2a365f70 GCTaskThread "GC Thread#12" [stack: 0x000000b30b500000,0x000000b30b600000] [id=17292]
  0x0000020c0e1dee20 ConcurrentGCThread "G1 Main Marker" [stack: 0x000000b308b00000,0x000000b308c00000] [id=20476]
  0x0000020c0e1e1160 ConcurrentGCThread "G1 Conc#0" [stack: 0x000000b308c00000,0x000000b308d00000] [id=19056]
  0x0000020c2a3654b0 ConcurrentGCThread "G1 Conc#1" [stack: 0x000000b30b600000,0x000000b30b700000] [id=10536]
  0x0000020c2a365760 ConcurrentGCThread "G1 Conc#2" [stack: 0x000000b30b700000,0x000000b30b800000] [id=11944]
  0x0000020c0e22ec90 ConcurrentGCThread "G1 Refine#0" [stack: 0x000000b308d00000,0x000000b308e00000] [id=13456]
  0x0000020c2c1b8120 ConcurrentGCThread "G1 Refine#1" [stack: 0x000000b315500000,0x000000b315600000] [id=13088]
  0x0000020c2c1b8400 ConcurrentGCThread "G1 Refine#2" [stack: 0x000000b315600000,0x000000b315700000] [id=18788]
  0x0000020c289fcf10 ConcurrentGCThread "G1 Service" [stack: 0x000000b308e00000,0x000000b308f00000] [id=17184]

Threads with active compile tasks:
C2 CompilerThread0    12555 10183 %     4       org.gradle.internal.instantiation.generator.AbstractClassGenerator::inspectType @ 107 (560 bytes)
C2 CompilerThread1    12555 9908       4       java.beans.Introspector::addMethod (196 bytes)
C2 CompilerThread2    12555 9944       4       com.sun.beans.TypeResolver::resolve (37 bytes)
C2 CompilerThread3    12555 10182       4       org.gradle.tooling.internal.provider.runner.ClientBuildEventGenerator::started (168 bytes)

VM state: not at safepoint (normal execution)

VM Mutex/Monitor currently owned by a thread:  ([mutex/lock_event])
[0x0000020c0e16ad20] Compile_lock - owner thread: 0x0000020c2c1adf50

Heap address: 0x0000000080000000, size: 2048 MB, Compressed Oops mode: 32-bit

CDS archive(s) not mapped
Compressed class space mapped at: 0x0000000100000000-0x0000000140000000, reserved size: 1073741824
Narrow klass base: 0x0000000000000000, Narrow klass shift: 3, Narrow klass range: 0x140000000

GC Precious Log:
 CPUs: 16 total, 16 available
 Memory: 16085M
 Large Page Support: Disabled
 NUMA Support: Disabled
 Compressed Oops: Enabled (32-bit)
 Heap Region Size: 1M
 Heap Min Capacity: 8M
 Heap Initial Capacity: 252M
 Heap Max Capacity: 2G
 Pre-touch: Disabled
 Parallel Workers: 13
 Concurrent Workers: 3
 Concurrent Refinement Workers: 13
 Periodic GC: Disabled

Heap:
 garbage-first heap   total 136192K, used 87555K [0x0000000080000000, 0x0000000100000000)
  region size 1024K, 20 young (20480K), 6 survivors (6144K)
 Metaspace       used 92082K, committed 92672K, reserved 1130496K
  class space    used 12344K, committed 12608K, reserved 1048576K

Heap Regions: E=young(eden), S=young(survivor), O=old, HS=humongous(starts), HC=humongous(continues), CS=collection set, F=free, OA=open archive, CA=closed archive, TAMS=top-at-mark-start (previous, next)
|   0|0x0000000080000000, 0x0000000080100000, 0x0000000080100000|100%|HS|  |TAMS 0x0000000080100000, 0x0000000080000000| Complete 
|   1|0x0000000080100000, 0x0000000080200000, 0x0000000080200000|100%|HC|  |TAMS 0x0000000080200000, 0x0000000080100000| Complete 
|   2|0x0000000080200000, 0x0000000080300000, 0x0000000080300000|100%|HC|  |TAMS 0x0000000080300000, 0x0000000080200000| Complete 
|   3|0x0000000080300000, 0x0000000080400000, 0x0000000080400000|100%|HC|  |TAMS 0x0000000080400000, 0x0000000080300000| Complete 
|   4|0x0000000080400000, 0x0000000080500000, 0x0000000080500000|100%| O|  |TAMS 0x0000000080500000, 0x0000000080400000| Untracked 
|   5|0x0000000080500000, 0x0000000080600000, 0x0000000080600000|100%| O|  |TAMS 0x0000000080600000, 0x0000000080500000| Untracked 
|   6|0x0000000080600000, 0x0000000080700000, 0x0000000080700000|100%| O|  |TAMS 0x0000000080700000, 0x0000000080600000| Untracked 
|   7|0x0000000080700000, 0x0000000080800000, 0x0000000080800000|100%| O|  |TAMS 0x0000000080800000, 0x0000000080700000| Untracked 
|   8|0x0000000080800000, 0x0000000080900000, 0x0000000080900000|100%| O|  |TAMS 0x0000000080900000, 0x0000000080800000| Untracked 
|   9|0x0000000080900000, 0x0000000080a00000, 0x0000000080a00000|100%| O|  |TAMS 0x0000000080a00000, 0x0000000080900000| Untracked 
|  10|0x0000000080a00000, 0x0000000080afe200, 0x0000000080b00000| 99%| O|  |TAMS 0x0000000080afe200, 0x0000000080a00000| Untracked 
|  11|0x0000000080b00000, 0x0000000080c00000, 0x0000000080c00000|100%| O|  |TAMS 0x0000000080c00000, 0x0000000080b00000| Untracked 
|  12|0x0000000080c00000, 0x0000000080d00000, 0x0000000080d00000|100%| O|  |TAMS 0x0000000080d00000, 0x0000000080c00000| Untracked 
|  13|0x0000000080d00000, 0x0000000080e00000, 0x0000000080e00000|100%| O|  |TAMS 0x0000000080e00000, 0x0000000080d00000| Untracked 
|  14|0x0000000080e00000, 0x0000000080f00000, 0x0000000080f00000|100%| O|  |TAMS 0x0000000080f00000, 0x0000000080e00000| Untracked 
|  15|0x0000000080f00000, 0x0000000081000000, 0x0000000081000000|100%| O|  |TAMS 0x0000000081000000, 0x0000000080f00000| Untracked 
|  16|0x0000000081000000, 0x0000000081100000, 0x0000000081100000|100%| O|  |TAMS 0x0000000081100000, 0x0000000081000000| Untracked 
|  17|0x0000000081100000, 0x0000000081200000, 0x0000000081200000|100%| O|  |TAMS 0x0000000081200000, 0x0000000081100000| Untracked 
|  18|0x0000000081200000, 0x0000000081300000, 0x0000000081300000|100%| O|  |TAMS 0x0000000081300000, 0x0000000081200000| Untracked 
|  19|0x0000000081300000, 0x0000000081400000, 0x0000000081400000|100%| O|  |TAMS 0x0000000081400000, 0x0000000081300000| Untracked 
|  20|0x0000000081400000, 0x0000000081500000, 0x0000000081500000|100%| O|  |TAMS 0x0000000081500000, 0x0000000081400000| Untracked 
|  21|0x0000000081500000, 0x0000000081600000, 0x0000000081600000|100%| O|  |TAMS 0x0000000081600000, 0x0000000081500000| Untracked 
|  22|0x0000000081600000, 0x0000000081700000, 0x0000000081700000|100%|HS|  |TAMS 0x0000000081700000, 0x0000000081600000| Complete 
|  23|0x0000000081700000, 0x0000000081800000, 0x0000000081800000|100%| O|  |TAMS 0x0000000081800000, 0x0000000081700000| Untracked 
|  24|0x0000000081800000, 0x0000000081900000, 0x0000000081900000|100%| O|  |TAMS 0x0000000081900000, 0x0000000081800000| Untracked 
|  25|0x0000000081900000, 0x0000000081a00000, 0x0000000081a00000|100%| O|  |TAMS 0x0000000081a00000, 0x0000000081900000| Untracked 
|  26|0x0000000081a00000, 0x0000000081b00000, 0x0000000081b00000|100%| O|  |TAMS 0x0000000081b00000, 0x0000000081a00000| Untracked 
|  27|0x0000000081b00000, 0x0000000081c00000, 0x0000000081c00000|100%| O|  |TAMS 0x0000000081c00000, 0x0000000081b00000| Untracked 
|  28|0x0000000081c00000, 0x0000000081d00000, 0x0000000081d00000|100%|HS|  |TAMS 0x0000000081d00000, 0x0000000081c00000| Complete 
|  29|0x0000000081d00000, 0x0000000081e00000, 0x0000000081e00000|100%|HS|  |TAMS 0x0000000081e00000, 0x0000000081d00000| Complete 
|  30|0x0000000081e00000, 0x0000000081f00000, 0x0000000081f00000|100%| O|  |TAMS 0x0000000081f00000, 0x0000000081e00000| Untracked 
|  31|0x0000000081f00000, 0x0000000082000000, 0x0000000082000000|100%| O|  |TAMS 0x0000000082000000, 0x0000000081f00000| Complete 
|  32|0x0000000082000000, 0x0000000082100000, 0x0000000082100000|100%| O|  |TAMS 0x0000000082100000, 0x0000000082000000| Untracked 
|  33|0x0000000082100000, 0x0000000082200000, 0x0000000082200000|100%| O|  |TAMS 0x0000000082200000, 0x0000000082100000| Untracked 
|  34|0x0000000082200000, 0x0000000082300000, 0x0000000082300000|100%| O|  |TAMS 0x0000000082300000, 0x0000000082200000| Untracked 
|  35|0x0000000082300000, 0x0000000082400000, 0x0000000082400000|100%| O|  |TAMS 0x0000000082400000, 0x0000000082300000| Untracked 
|  36|0x0000000082400000, 0x0000000082500000, 0x0000000082500000|100%| O|  |TAMS 0x0000000082500000, 0x0000000082400000| Untracked 
|  37|0x0000000082500000, 0x0000000082600000, 0x0000000082600000|100%| O|  |TAMS 0x0000000082600000, 0x0000000082500000| Untracked 
|  38|0x0000000082600000, 0x0000000082700000, 0x0000000082700000|100%| O|  |TAMS 0x0000000082700000, 0x0000000082600000| Untracked 
|  39|0x0000000082700000, 0x0000000082800000, 0x0000000082800000|100%| O|  |TAMS 0x0000000082800000, 0x0000000082700000| Untracked 
|  40|0x0000000082800000, 0x0000000082900000, 0x0000000082900000|100%| O|  |TAMS 0x0000000082900000, 0x0000000082800000| Untracked 
|  41|0x0000000082900000, 0x0000000082a00000, 0x0000000082a00000|100%| O|  |TAMS 0x0000000082a00000, 0x0000000082900000| Untracked 
|  42|0x0000000082a00000, 0x0000000082b00000, 0x0000000082b00000|100%| O|  |TAMS 0x0000000082b00000, 0x0000000082a00000| Untracked 
|  43|0x0000000082b00000, 0x0000000082c00000, 0x0000000082c00000|100%| O|  |TAMS 0x0000000082c00000, 0x0000000082b00000| Untracked 
|  44|0x0000000082c00000, 0x0000000082d00000, 0x0000000082d00000|100%| O|  |TAMS 0x0000000082d00000, 0x0000000082c00000| Untracked 
|  45|0x0000000082d00000, 0x0000000082e00000, 0x0000000082e00000|100%| O|  |TAMS 0x0000000082e00000, 0x0000000082d00000| Untracked 
|  46|0x0000000082e00000, 0x0000000082f00000, 0x0000000082f00000|100%| O|  |TAMS 0x0000000082f00000, 0x0000000082e00000| Untracked 
|  47|0x0000000082f00000, 0x0000000083000000, 0x0000000083000000|100%| O|  |TAMS 0x0000000083000000, 0x0000000082f00000| Untracked 
|  48|0x0000000083000000, 0x0000000083100000, 0x0000000083100000|100%| O|  |TAMS 0x0000000083100000, 0x0000000083000000| Untracked 
|  49|0x0000000083100000, 0x0000000083200000, 0x0000000083200000|100%| O|  |TAMS 0x0000000083200000, 0x0000000083100000| Untracked 
|  50|0x0000000083200000, 0x0000000083300000, 0x0000000083300000|100%| O|  |TAMS 0x0000000083300000, 0x0000000083200000| Untracked 
|  51|0x0000000083300000, 0x0000000083400000, 0x0000000083400000|100%| O|  |TAMS 0x0000000083400000, 0x0000000083300000| Untracked 
|  52|0x0000000083400000, 0x0000000083500000, 0x0000000083500000|100%| O|  |TAMS 0x0000000083500000, 0x0000000083400000| Untracked 
|  53|0x0000000083500000, 0x0000000083600000, 0x0000000083600000|100%| O|  |TAMS 0x0000000083600000, 0x0000000083500000| Untracked 
|  54|0x0000000083600000, 0x0000000083700000, 0x0000000083700000|100%| O|  |TAMS 0x0000000083700000, 0x0000000083600000| Untracked 
|  55|0x0000000083700000, 0x0000000083800000, 0x0000000083800000|100%| O|  |TAMS 0x0000000083800000, 0x0000000083700000| Untracked 
|  56|0x0000000083800000, 0x0000000083900000, 0x0000000083900000|100%| O|  |TAMS 0x0000000083900000, 0x0000000083800000| Untracked 
|  57|0x0000000083900000, 0x0000000083a00000, 0x0000000083a00000|100%| O|  |TAMS 0x0000000083a00000, 0x0000000083900000| Untracked 
|  58|0x0000000083a00000, 0x0000000083b00000, 0x0000000083b00000|100%| O|  |TAMS 0x0000000083b00000, 0x0000000083a00000| Untracked 
|  59|0x0000000083b00000, 0x0000000083c00000, 0x0000000083c00000|100%| O|  |TAMS 0x0000000083bf4200, 0x0000000083b00000| Untracked 
|  60|0x0000000083c00000, 0x0000000083d00000, 0x0000000083d00000|100%| O|  |TAMS 0x0000000083c00000, 0x0000000083c00000| Untracked 
|  61|0x0000000083d00000, 0x0000000083e00000, 0x0000000083e00000|100%| O|  |TAMS 0x0000000083d00000, 0x0000000083d00000| Untracked 
|  62|0x0000000083e00000, 0x0000000083f00000, 0x0000000083f00000|100%| O|  |TAMS 0x0000000083e00000, 0x0000000083e00000| Untracked 
|  63|0x0000000083f00000, 0x0000000084000000, 0x0000000084000000|100%| O|  |TAMS 0x0000000083f00000, 0x0000000083f00000| Untracked 
|  64|0x0000000084000000, 0x0000000084100000, 0x0000000084100000|100%| O|  |TAMS 0x0000000084000000, 0x0000000084000000| Untracked 
|  65|0x0000000084100000, 0x0000000084182a00, 0x0000000084200000| 51%| O|  |TAMS 0x0000000084100000, 0x0000000084100000| Untracked 
|  66|0x0000000084200000, 0x0000000084300000, 0x0000000084300000|100%|HS|  |TAMS 0x0000000084200000, 0x0000000084200000| Complete 
|  67|0x0000000084300000, 0x0000000084300000, 0x0000000084400000|  0%| F|  |TAMS 0x0000000084300000, 0x0000000084300000| Untracked 
|  68|0x0000000084400000, 0x0000000084400000, 0x0000000084500000|  0%| F|  |TAMS 0x0000000084400000, 0x0000000084400000| Untracked 
|  69|0x0000000084500000, 0x0000000084500000, 0x0000000084600000|  0%| F|  |TAMS 0x0000000084500000, 0x0000000084500000| Untracked 
|  70|0x0000000084600000, 0x0000000084600000, 0x0000000084700000|  0%| F|  |TAMS 0x0000000084600000, 0x0000000084600000| Untracked 
|  71|0x0000000084700000, 0x0000000084700000, 0x0000000084800000|  0%| F|  |TAMS 0x0000000084700000, 0x0000000084700000| Untracked 
|  72|0x0000000084800000, 0x0000000084800000, 0x0000000084900000|  0%| F|  |TAMS 0x0000000084800000, 0x0000000084800000| Untracked 
|  73|0x0000000084900000, 0x0000000084900000, 0x0000000084a00000|  0%| F|  |TAMS 0x0000000084900000, 0x0000000084900000| Untracked 
|  74|0x0000000084a00000, 0x0000000084a00000, 0x0000000084b00000|  0%| F|  |TAMS 0x0000000084a00000, 0x0000000084a00000| Untracked 
|  75|0x0000000084b00000, 0x0000000084b00000, 0x0000000084c00000|  0%| F|  |TAMS 0x0000000084b00000, 0x0000000084b00000| Untracked 
|  76|0x0000000084c00000, 0x0000000084c00000, 0x0000000084d00000|  0%| F|  |TAMS 0x0000000084c00000, 0x0000000084c00000| Untracked 
|  77|0x0000000084d00000, 0x0000000084d00000, 0x0000000084e00000|  0%| F|  |TAMS 0x0000000084d00000, 0x0000000084d00000| Untracked 
|  78|0x0000000084e00000, 0x0000000084e00000, 0x0000000084f00000|  0%| F|  |TAMS 0x0000000084e00000, 0x0000000084e00000| Untracked 
|  79|0x0000000084f00000, 0x0000000085000000, 0x0000000085000000|100%| S|CS|TAMS 0x0000000084f00000, 0x0000000084f00000| Complete 
|  80|0x0000000085000000, 0x0000000085000000, 0x0000000085100000|  0%| F|  |TAMS 0x0000000085000000, 0x0000000085000000| Untracked 
|  81|0x0000000085100000, 0x0000000085100000, 0x0000000085200000|  0%| F|  |TAMS 0x0000000085100000, 0x0000000085100000| Untracked 
|  82|0x0000000085200000, 0x0000000085200000, 0x0000000085300000|  0%| F|  |TAMS 0x0000000085200000, 0x0000000085200000| Untracked 
|  83|0x0000000085300000, 0x0000000085400000, 0x0000000085400000|100%| S|CS|TAMS 0x0000000085300000, 0x0000000085300000| Complete 
|  84|0x0000000085400000, 0x0000000085400000, 0x0000000085500000|  0%| F|  |TAMS 0x0000000085400000, 0x0000000085400000| Untracked 
|  85|0x0000000085500000, 0x0000000085500000, 0x0000000085600000|  0%| F|  |TAMS 0x0000000085500000, 0x0000000085500000| Untracked 
|  86|0x0000000085600000, 0x0000000085700000, 0x0000000085700000|100%| S|CS|TAMS 0x0000000085600000, 0x0000000085600000| Complete 
|  87|0x0000000085700000, 0x0000000085800000, 0x0000000085800000|100%| S|CS|TAMS 0x0000000085700000, 0x0000000085700000| Complete 
|  88|0x0000000085800000, 0x0000000085900000, 0x0000000085900000|100%| S|CS|TAMS 0x0000000085800000, 0x0000000085800000| Complete 
|  89|0x0000000085900000, 0x0000000085a00000, 0x0000000085a00000|100%| S|CS|TAMS 0x0000000085900000, 0x0000000085900000| Complete 
|  90|0x0000000085a00000, 0x0000000085a00000, 0x0000000085b00000|  0%| F|  |TAMS 0x0000000085a00000, 0x0000000085a00000| Untracked 
|  91|0x0000000085b00000, 0x0000000085b00000, 0x0000000085c00000|  0%| F|  |TAMS 0x0000000085b00000, 0x0000000085b00000| Untracked 
|  92|0x0000000085c00000, 0x0000000085c00000, 0x0000000085d00000|  0%| F|  |TAMS 0x0000000085c00000, 0x0000000085c00000| Untracked 
|  93|0x0000000085d00000, 0x0000000085d00000, 0x0000000085e00000|  0%| F|  |TAMS 0x0000000085d00000, 0x0000000085d00000| Untracked 
|  94|0x0000000085e00000, 0x0000000085e00000, 0x0000000085f00000|  0%| F|  |TAMS 0x0000000085e00000, 0x0000000085e00000| Untracked 
|  95|0x0000000085f00000, 0x0000000085f00000, 0x0000000086000000|  0%| F|  |TAMS 0x0000000085f00000, 0x0000000085f00000| Untracked 
|  96|0x0000000086000000, 0x0000000086000000, 0x0000000086100000|  0%| F|  |TAMS 0x0000000086000000, 0x0000000086000000| Untracked 
|  97|0x0000000086100000, 0x0000000086100000, 0x0000000086200000|  0%| F|  |TAMS 0x0000000086100000, 0x0000000086100000| Untracked 
|  98|0x0000000086200000, 0x0000000086200000, 0x0000000086300000|  0%| F|  |TAMS 0x0000000086200000, 0x0000000086200000| Untracked 
|  99|0x0000000086300000, 0x0000000086300000, 0x0000000086400000|  0%| F|  |TAMS 0x0000000086300000, 0x0000000086300000| Untracked 
| 100|0x0000000086400000, 0x0000000086400000, 0x0000000086500000|  0%| F|  |TAMS 0x0000000086400000, 0x0000000086400000| Untracked 
| 101|0x0000000086500000, 0x0000000086500000, 0x0000000086600000|  0%| F|  |TAMS 0x0000000086500000, 0x0000000086500000| Untracked 
| 102|0x0000000086600000, 0x0000000086600000, 0x0000000086700000|  0%| F|  |TAMS 0x0000000086600000, 0x0000000086600000| Untracked 
| 103|0x0000000086700000, 0x0000000086700000, 0x0000000086800000|  0%| F|  |TAMS 0x0000000086700000, 0x0000000086700000| Untracked 
| 104|0x0000000086800000, 0x0000000086800000, 0x0000000086900000|  0%| F|  |TAMS 0x0000000086800000, 0x0000000086800000| Untracked 
| 105|0x0000000086900000, 0x0000000086900000, 0x0000000086a00000|  0%| F|  |TAMS 0x0000000086900000, 0x0000000086900000| Untracked 
| 106|0x0000000086a00000, 0x0000000086a00000, 0x0000000086b00000|  0%| F|  |TAMS 0x0000000086a00000, 0x0000000086a00000| Untracked 
| 107|0x0000000086b00000, 0x0000000086b00000, 0x0000000086c00000|  0%| F|  |TAMS 0x0000000086b00000, 0x0000000086b00000| Untracked 
| 108|0x0000000086c00000, 0x0000000086c00000, 0x0000000086d00000|  0%| F|  |TAMS 0x0000000086c00000, 0x0000000086c00000| Untracked 
| 109|0x0000000086d00000, 0x0000000086d00000, 0x0000000086e00000|  0%| F|  |TAMS 0x0000000086d00000, 0x0000000086d00000| Untracked 
| 110|0x0000000086e00000, 0x0000000086e00000, 0x0000000086f00000|  0%| F|  |TAMS 0x0000000086e00000, 0x0000000086e00000| Untracked 
| 111|0x0000000086f00000, 0x0000000086f00000, 0x0000000087000000|  0%| F|  |TAMS 0x0000000086f00000, 0x0000000086f00000| Untracked 
| 112|0x0000000087000000, 0x0000000087000000, 0x0000000087100000|  0%| F|  |TAMS 0x0000000087000000, 0x0000000087000000| Untracked 
| 113|0x0000000087100000, 0x0000000087100000, 0x0000000087200000|  0%| F|  |TAMS 0x0000000087100000, 0x0000000087100000| Untracked 
| 114|0x0000000087200000, 0x0000000087200000, 0x0000000087300000|  0%| F|  |TAMS 0x0000000087200000, 0x0000000087200000| Untracked 
| 115|0x0000000087300000, 0x0000000087300000, 0x0000000087400000|  0%| F|  |TAMS 0x0000000087300000, 0x0000000087300000| Untracked 
| 116|0x0000000087400000, 0x0000000087400000, 0x0000000087500000|  0%| F|  |TAMS 0x0000000087400000, 0x0000000087400000| Untracked 
| 117|0x0000000087500000, 0x0000000087500000, 0x0000000087600000|  0%| F|  |TAMS 0x0000000087500000, 0x0000000087500000| Untracked 
| 118|0x0000000087600000, 0x0000000087600000, 0x0000000087700000|  0%| F|  |TAMS 0x0000000087600000, 0x0000000087600000| Untracked 
| 119|0x0000000087700000, 0x00000000877b1190, 0x0000000087800000| 69%| E|  |TAMS 0x0000000087700000, 0x0000000087700000| Complete 
| 120|0x0000000087800000, 0x0000000087900000, 0x0000000087900000|100%| E|CS|TAMS 0x0000000087800000, 0x0000000087800000| Complete 
| 121|0x0000000087900000, 0x0000000087a00000, 0x0000000087a00000|100%| E|CS|TAMS 0x0000000087900000, 0x0000000087900000| Complete 
| 122|0x0000000087a00000, 0x0000000087b00000, 0x0000000087b00000|100%| E|CS|TAMS 0x0000000087a00000, 0x0000000087a00000| Complete 
| 123|0x0000000087b00000, 0x0000000087c00000, 0x0000000087c00000|100%| E|CS|TAMS 0x0000000087b00000, 0x0000000087b00000| Complete 
| 199|0x000000008c700000, 0x000000008c800000, 0x000000008c800000|100%| E|CS|TAMS 0x000000008c700000, 0x000000008c700000| Complete 
| 200|0x000000008c800000, 0x000000008c900000, 0x000000008c900000|100%| E|CS|TAMS 0x000000008c800000, 0x000000008c800000| Complete 
| 201|0x000000008c900000, 0x000000008ca00000, 0x000000008ca00000|100%| E|CS|TAMS 0x000000008c900000, 0x000000008c900000| Complete 
| 202|0x000000008ca00000, 0x000000008cb00000, 0x000000008cb00000|100%| E|CS|TAMS 0x000000008ca00000, 0x000000008ca00000| Complete 
| 203|0x000000008cb00000, 0x000000008cc00000, 0x000000008cc00000|100%| E|CS|TAMS 0x000000008cb00000, 0x000000008cb00000| Complete 
| 204|0x000000008cc00000, 0x000000008cd00000, 0x000000008cd00000|100%| E|CS|TAMS 0x000000008cc00000, 0x000000008cc00000| Complete 
| 205|0x000000008cd00000, 0x000000008ce00000, 0x000000008ce00000|100%| E|CS|TAMS 0x000000008cd00000, 0x000000008cd00000| Complete 
| 206|0x000000008ce00000, 0x000000008cf00000, 0x000000008cf00000|100%| E|CS|TAMS 0x000000008ce00000, 0x000000008ce00000| Complete 
| 251|0x000000008fb00000, 0x000000008fc00000, 0x000000008fc00000|100%| E|CS|TAMS 0x000000008fb00000, 0x000000008fb00000| Complete 

Card table byte_map: [0x0000020c212b0000,0x0000020c216b0000] _byte_map_base: 0x0000020c20eb0000

Marking Bits (Prev, Next): (CMBitMap*) 0x0000020c0e1ce390, (CMBitMap*) 0x0000020c0e1ce3d0
 Prev Bits: [0x0000020c21ab0000, 0x0000020c23ab0000)
 Next Bits: [0x0000020c23ab0000, 0x0000020c25ab0000)

Polling page: 0x0000020c0d930000

Metaspace:

Usage:
  Non-class:     77.88 MB used.
      Class:     12.06 MB used.
       Both:     89.94 MB used.

Virtual space:
  Non-class space:       80.00 MB reserved,      78.19 MB ( 98%) committed,  10 nodes.
      Class space:        1.00 GB reserved,      12.31 MB (  1%) committed,  1 nodes.
             Both:        1.08 GB reserved,      90.50 MB (  8%) committed. 

Chunk freelists:
   Non-Class:  1.27 MB
       Class:  3.62 MB
        Both:  4.89 MB

MaxMetaspaceSize: unlimited
CompressedClassSpaceSize: 1.00 GB
Initial GC threshold: 21.00 MB
Current GC threshold: 148.44 MB
CDS: off
MetaspaceReclaimPolicy: balanced
 - commit_granule_bytes: 65536.
 - commit_granule_words: 8192.
 - virtual_space_node_default_size: 1048576.
 - enlarge_chunks_in_place: 1.
 - new_chunks_are_fully_committed: 0.
 - uncommit_free_chunks: 1.
 - use_allocation_guard: 0.
 - handle_deallocations: 1.


Internal statistics:

num_allocs_failed_limit: 11.
num_arena_births: 892.
num_arena_deaths: 0.
num_vsnodes_births: 11.
num_vsnodes_deaths: 0.
num_space_committed: 1447.
num_space_uncommitted: 0.
num_chunks_returned_to_freelist: 11.
num_chunks_taken_from_freelist: 4162.
num_chunk_merges: 8.
num_chunk_splits: 2794.
num_chunks_enlarged: 1953.
num_purges: 0.
num_inconsistent_stats: 0.

CodeHeap 'non-profiled nmethods': size=119168Kb used=4939Kb max_used=5487Kb free=114228Kb
 bounds [0x0000020c191d0000, 0x0000020c19730000, 0x0000020c20630000]
CodeHeap 'profiled nmethods': size=119104Kb used=16782Kb max_used=18290Kb free=102321Kb
 bounds [0x0000020c11630000, 0x0000020c12820000, 0x0000020c18a80000]
CodeHeap 'non-nmethods': size=7488Kb used=4084Kb max_used=4156Kb free=3403Kb
 bounds [0x0000020c18a80000, 0x0000020c18ea0000, 0x0000020c191d0000]
 total_blobs=9613 nmethods=8694 adapters=828
 compilation: enabled
              stopped_count=0, restarted_count=0
 full_count=0

Compilation events (20 events):
Event: 12.319 Thread 0x0000020c294af1d0 nmethod 10167 0x0000020c11f26210 code [0x0000020c11f26540, 0x0000020c11f275b8]
Event: 12.319 Thread 0x0000020c29632830 10174       1       org.gradle.api.internal.tasks.properties.AbstractPropertySpec::getPropertyName (5 bytes)
Event: 12.319 Thread 0x0000020c294af1d0 10175       1       org.gradle.internal.properties.StaticValue::call (5 bytes)
Event: 12.319 Thread 0x0000020c29632830 nmethod 10174 0x0000020c192ccf90 code [0x0000020c192cd120, 0x0000020c192cd1f8]
Event: 12.319 Thread 0x0000020c294af1d0 nmethod 10175 0x0000020c192ccb10 code [0x0000020c192ccca0, 0x0000020c192ccd78]
Event: 12.319 Thread 0x0000020c29632830 10176       1       org.gradle.api.internal.file.DefaultFileSystemLocation::getAsFile (5 bytes)
Event: 12.319 Thread 0x0000020c294af1d0 10177       3       org.gradle.internal.properties.PropertyVisitor::visitInputFileProperty (1 bytes)
Event: 12.319 Thread 0x0000020c29632830 nmethod 10176 0x0000020c1935bc10 code [0x0000020c1935bda0, 0x0000020c1935be78]
Event: 12.320 Thread 0x0000020c294af1d0 nmethod 10177 0x0000020c125c4390 code [0x0000020c125c4520, 0x0000020c125c4638]
Event: 12.320 Thread 0x0000020c294af1d0 10178       3       org.gradle.internal.properties.bean.AbstractNestedRuntimeBeanNode::<init> (14 bytes)
Event: 12.320 Thread 0x0000020c29632830 10179   !   3       org.gradle.internal.properties.bean.AbstractNestedRuntimeBeanNode::visitProperties (199 bytes)
Event: 12.320 Thread 0x0000020c294af1d0 nmethod 10178 0x0000020c12599990 code [0x0000020c12599b60, 0x0000020c12599ee8]
Event: 12.320 Thread 0x0000020c294af1d0 10180       3       java.io.File::isAbsolute (8 bytes)
Event: 12.320 Thread 0x0000020c294af1d0 nmethod 10180 0x0000020c11fa0610 code [0x0000020c11fa07c0, 0x0000020c11fa0928]
Event: 12.321 Thread 0x0000020c294af1d0 10181       3       java.io.WinNTFileSystem::isAbsolute (36 bytes)
Event: 12.322 Thread 0x0000020c2aa81c50 nmethod 10173 0x0000020c11b3fd10 code [0x0000020c11b40240, 0x0000020c11b42e88]
Event: 12.322 Thread 0x0000020c294af1d0 nmethod 10181 0x0000020c11eb8f10 code [0x0000020c11eb9120, 0x0000020c11eb9818]
Event: 12.322 Thread 0x0000020c29630310 nmethod 10170 0x0000020c11d3ef10 code [0x0000020c11d3f480, 0x0000020c11d420e8]
Event: 12.324 Thread 0x0000020c29632830 nmethod 10179 0x0000020c11d7dd90 code [0x0000020c11d7e260, 0x0000020c11d80d18]
Event: 12.426 Thread 0x0000020c2aa81c50 10184   !   3       java.util.concurrent.locks.AbstractQueuedSynchronizer::acquire (407 bytes)

GC Heap History (20 events):
Event: 5.118 GC heap before
{Heap before GC invocations=13 (full 0):
 garbage-first heap   total 65536K, used 35524K [0x0000000080000000, 0x0000000100000000)
  region size 1024K, 8 young (8192K), 1 survivors (1024K)
 Metaspace       used 43998K, committed 44480K, reserved 1089536K
  class space    used 5735K, committed 5952K, reserved 1048576K
}
Event: 5.119 GC heap after
{Heap after GC invocations=14 (full 0):
 garbage-first heap   total 136192K, used 31548K [0x0000000080000000, 0x0000000100000000)
  region size 1024K, 2 young (2048K), 2 survivors (2048K)
 Metaspace       used 43998K, committed 44480K, reserved 1089536K
  class space    used 5735K, committed 5952K, reserved 1048576K
}
Event: 6.388 GC heap before
{Heap before GC invocations=14 (full 0):
 garbage-first heap   total 136192K, used 103228K [0x0000000080000000, 0x0000000100000000)
  region size 1024K, 71 young (72704K), 2 survivors (2048K)
 Metaspace       used 53170K, committed 53696K, reserved 1097728K
  class space    used 7074K, committed 7296K, reserved 1048576K
}
Event: 6.393 GC heap after
{Heap after GC invocations=15 (full 0):
 garbage-first heap   total 136192K, used 35485K [0x0000000080000000, 0x0000000100000000)
  region size 1024K, 6 young (6144K), 6 survivors (6144K)
 Metaspace       used 53170K, committed 53696K, reserved 1097728K
  class space    used 7074K, committed 7296K, reserved 1048576K
}
Event: 7.420 GC heap before
{Heap before GC invocations=15 (full 0):
 garbage-first heap   total 136192K, used 107165K [0x0000000080000000, 0x0000000100000000)
  region size 1024K, 72 young (73728K), 6 survivors (6144K)
 Metaspace       used 58212K, committed 58688K, reserved 1105920K
  class space    used 7685K, committed 7872K, reserved 1048576K
}
Event: 7.426 GC heap after
{Heap after GC invocations=16 (full 0):
 garbage-first heap   total 136192K, used 45743K [0x0000000080000000, 0x0000000100000000)
  region size 1024K, 9 young (9216K), 9 survivors (9216K)
 Metaspace       used 58212K, committed 58688K, reserved 1105920K
  class space    used 7685K, committed 7872K, reserved 1048576K
}
Event: 7.584 GC heap before
{Heap before GC invocations=16 (full 0):
 garbage-first heap   total 136192K, used 55983K [0x0000000080000000, 0x0000000100000000)
  region size 1024K, 20 young (20480K), 9 survivors (9216K)
 Metaspace       used 59989K, committed 60480K, reserved 1105920K
  class space    used 7882K, committed 8128K, reserved 1048576K
}
Event: 7.588 GC heap after
{Heap after GC invocations=17 (full 0):
 garbage-first heap   total 136192K, used 46803K [0x0000000080000000, 0x0000000100000000)
  region size 1024K, 2 young (2048K), 2 survivors (2048K)
 Metaspace       used 59989K, committed 60480K, reserved 1105920K
  class space    used 7882K, committed 8128K, reserved 1048576K
}
Event: 8.495 GC heap before
{Heap before GC invocations=18 (full 0):
 garbage-first heap   total 136192K, used 112339K [0x0000000080000000, 0x0000000100000000)
  region size 1024K, 60 young (61440K), 2 survivors (2048K)
 Metaspace       used 67360K, committed 67904K, reserved 1114112K
  class space    used 8856K, committed 9152K, reserved 1048576K
}
Event: 8.498 GC heap after
{Heap after GC invocations=19 (full 0):
 garbage-first heap   total 136192K, used 51508K [0x0000000080000000, 0x0000000100000000)
  region size 1024K, 6 young (6144K), 6 survivors (6144K)
 Metaspace       used 67360K, committed 67904K, reserved 1114112K
  class space    used 8856K, committed 9152K, reserved 1048576K
}
Event: 9.206 GC heap before
{Heap before GC invocations=19 (full 0):
 garbage-first heap   total 136192K, used 105780K [0x0000000080000000, 0x0000000100000000)
  region size 1024K, 60 young (61440K), 6 survivors (6144K)
 Metaspace       used 73835K, committed 74432K, reserved 1114112K
  class space    used 9703K, committed 9984K, reserved 1048576K
}
Event: 9.211 GC heap after
{Heap after GC invocations=20 (full 0):
 garbage-first heap   total 136192K, used 55533K [0x0000000080000000, 0x0000000100000000)
  region size 1024K, 4 young (4096K), 4 survivors (4096K)
 Metaspace       used 73835K, committed 74432K, reserved 1114112K
  class space    used 9703K, committed 9984K, reserved 1048576K
}
Event: 10.090 GC heap before
{Heap before GC invocations=20 (full 0):
 garbage-first heap   total 136192K, used 107757K [0x0000000080000000, 0x0000000100000000)
  region size 1024K, 54 young (55296K), 4 survivors (4096K)
 Metaspace       used 79301K, committed 79808K, reserved 1122304K
  class space    used 10626K, committed 10880K, reserved 1048576K
}
Event: 10.095 GC heap after
{Heap after GC invocations=21 (full 0):
 garbage-first heap   total 136192K, used 58088K [0x0000000080000000, 0x0000000100000000)
  region size 1024K, 3 young (3072K), 3 survivors (3072K)
 Metaspace       used 79301K, committed 79808K, reserved 1122304K
  class space    used 10626K, committed 10880K, reserved 1048576K
}
Event: 10.871 GC heap before
{Heap before GC invocations=21 (full 0):
 garbage-first heap   total 136192K, used 108264K [0x0000000080000000, 0x0000000100000000)
  region size 1024K, 52 young (53248K), 3 survivors (3072K)
 Metaspace       used 84270K, committed 84864K, reserved 1130496K
  class space    used 11347K, committed 11648K, reserved 1048576K
}
Event: 10.876 GC heap after
{Heap after GC invocations=22 (full 0):
 garbage-first heap   total 136192K, used 61528K [0x0000000080000000, 0x0000000100000000)
  region size 1024K, 6 young (6144K), 6 survivors (6144K)
 Metaspace       used 84270K, committed 84864K, reserved 1130496K
  class space    used 11347K, committed 11648K, reserved 1048576K
}
Event: 11.711 GC heap before
{Heap before GC invocations=22 (full 0):
 garbage-first heap   total 136192K, used 109656K [0x0000000080000000, 0x0000000100000000)
  region size 1024K, 53 young (54272K), 6 survivors (6144K)
 Metaspace       used 89699K, committed 90304K, reserved 1130496K
  class space    used 12130K, committed 12416K, reserved 1048576K
}
Event: 11.719 GC heap after
{Heap after GC invocations=23 (full 0):
 garbage-first heap   total 136192K, used 65631K [0x0000000080000000, 0x0000000100000000)
  region size 1024K, 5 young (5120K), 5 survivors (5120K)
 Metaspace       used 89699K, committed 90304K, reserved 1130496K
  class space    used 12130K, committed 12416K, reserved 1048576K
}
Event: 12.072 GC heap before
{Heap before GC invocations=23 (full 0):
 garbage-first heap   total 136192K, used 108639K [0x0000000080000000, 0x0000000100000000)
  region size 1024K, 48 young (49152K), 5 survivors (5120K)
 Metaspace       used 90328K, committed 90944K, reserved 1130496K
  class space    used 12178K, committed 12480K, reserved 1048576K
}
Event: 12.080 GC heap after
{Heap after GC invocations=24 (full 0):
 garbage-first heap   total 136192K, used 73219K [0x0000000080000000, 0x0000000100000000)
  region size 1024K, 6 young (6144K), 6 survivors (6144K)
 Metaspace       used 90328K, committed 90944K, reserved 1130496K
  class space    used 12178K, committed 12480K, reserved 1048576K
}

Dll operation events (2 events):
Event: 0.008 Loaded shared library C:\Program Files\Android\Android Studio\jbr\bin\java.dll
Event: 0.408 Loaded shared library C:\Program Files\Android\Android Studio\jbr\bin\verify.dll

Deoptimization events (20 events):
Event: 12.314 Thread 0x0000020c2c42b8d0 Uncommon trap: trap_request=0xffffffc6 fr.pc=0x0000020c196c6014 relative=0x0000000000000454
Event: 12.314 Thread 0x0000020c2c42b8d0 Uncommon trap: reason=bimorphic_or_optimized_type_check action=maybe_recompile pc=0x0000020c196c6014 method=com.google.common.collect.NaturalOrdering.compare(Ljava/lang/Comparable;Ljava/lang/Comparable;)I @ 12 c2
Event: 12.314 Thread 0x0000020c2c42b8d0 DEOPT PACKING pc=0x0000020c196c6014 sp=0x000000b30abf8f60
Event: 12.314 Thread 0x0000020c2c42b8d0 DEOPT UNPACKING pc=0x0000020c18ada1a3 sp=0x000000b30abf8e70 mode 2
Event: 12.314 Thread 0x0000020c2c42b8d0 Uncommon trap: trap_request=0xffffffc6 fr.pc=0x0000020c196c6014 relative=0x0000000000000454
Event: 12.314 Thread 0x0000020c2c42b8d0 Uncommon trap: reason=bimorphic_or_optimized_type_check action=maybe_recompile pc=0x0000020c196c6014 method=com.google.common.collect.NaturalOrdering.compare(Ljava/lang/Comparable;Ljava/lang/Comparable;)I @ 12 c2
Event: 12.314 Thread 0x0000020c2c42b8d0 DEOPT PACKING pc=0x0000020c196c6014 sp=0x000000b30abf8f60
Event: 12.314 Thread 0x0000020c2c42b8d0 DEOPT UNPACKING pc=0x0000020c18ada1a3 sp=0x000000b30abf8e70 mode 2
Event: 12.314 Thread 0x0000020c2c42b8d0 Uncommon trap: trap_request=0xffffffc6 fr.pc=0x0000020c196c6014 relative=0x0000000000000454
Event: 12.314 Thread 0x0000020c2c42b8d0 Uncommon trap: reason=bimorphic_or_optimized_type_check action=maybe_recompile pc=0x0000020c196c6014 method=com.google.common.collect.NaturalOrdering.compare(Ljava/lang/Comparable;Ljava/lang/Comparable;)I @ 12 c2
Event: 12.315 Thread 0x0000020c2c42b8d0 DEOPT PACKING pc=0x0000020c196c6014 sp=0x000000b30abf90f0
Event: 12.315 Thread 0x0000020c2c42b8d0 DEOPT UNPACKING pc=0x0000020c18ada1a3 sp=0x000000b30abf9000 mode 2
Event: 12.326 Thread 0x0000020c2c42b8d0 Uncommon trap: trap_request=0xfffffff4 fr.pc=0x0000020c19720860 relative=0x0000000000009160
Event: 12.326 Thread 0x0000020c2c42b8d0 Uncommon trap: reason=null_check action=make_not_entrant pc=0x0000020c19720860 method=org.gradle.internal.instantiation.generator.AbstractClassGenerator$PropertyMetadata.addGetter(Lorg/gradle/internal/instantiation/generator/AbstractClassGenerator$MethodM
Event: 12.326 Thread 0x0000020c2c42b8d0 DEOPT PACKING pc=0x0000020c19720860 sp=0x000000b30abfa1b0
Event: 12.326 Thread 0x0000020c2c42b8d0 DEOPT UNPACKING pc=0x0000020c18ada1a3 sp=0x000000b30abfa0f0 mode 2
Event: 12.332 Thread 0x0000020c2c42b8d0 Uncommon trap: trap_request=0xffffff45 fr.pc=0x0000020c19514268 relative=0x0000000000000e88
Event: 12.332 Thread 0x0000020c2c42b8d0 Uncommon trap: reason=unstable_if action=reinterpret pc=0x0000020c19514268 method=java.util.concurrent.locks.AbstractQueuedSynchronizer.acquire(Ljava/util/concurrent/locks/AbstractQueuedSynchronizer$Node;IZZZJ)I @ 103 c2
Event: 12.332 Thread 0x0000020c2c42b8d0 DEOPT PACKING pc=0x0000020c19514268 sp=0x000000b30abfbf20
Event: 12.332 Thread 0x0000020c2c42b8d0 DEOPT UNPACKING pc=0x0000020c18ada1a3 sp=0x000000b30abfbef0 mode 2

Classes unloaded (0 events):
No events

Classes redefined (0 events):
No events

Internal exceptions (20 events):
Event: 12.033 Thread 0x0000020c2c42b8d0 Exception <a 'java/lang/ClassNotFoundException'{0x0000000085ef8b18}: com/android/build/gradle/tasks/PackageAndroidArtifactBeanInfo> (0x0000000085ef8b18) 
thrown [s\src\hotspot\share\classfile\systemDictionary.cpp, line 256]
Event: 12.034 Thread 0x0000020c2c42b8d0 Exception <a 'java/lang/ClassNotFoundException'{0x0000000085d05670}: com/android/build/gradle/tasks/PackageAndroidArtifactCustomizer> (0x0000000085d05670) 
thrown [s\src\hotspot\share\classfile\systemDictionary.cpp, line 256]
Event: 12.036 Thread 0x0000020c2c42b8d0 Exception <a 'java/lang/ClassNotFoundException'{0x0000000085d5e570}: com/android/build/gradle/tasks/PackageApplicationCustomizer> (0x0000000085d5e570) 
thrown [s\src\hotspot\share\classfile\systemDictionary.cpp, line 256]
Event: 12.038 Thread 0x0000020c2c42b8d0 Exception <a 'java/lang/ClassNotFoundException'{0x0000000085dab430}: com/android/build/gradle/tasks/PackageApplication_DecoratedCustomizer> (0x0000000085dab430) 
thrown [s\src\hotspot\share\classfile\systemDictionary.cpp, line 256]
Event: 12.046 Thread 0x0000020c2c42b8d0 Exception <a 'java/lang/ClassNotFoundException'{0x0000000085c91450}: com/android/build/gradle/internal/tasks/ListingFileRedirectTask_DecoratedBeanInfo> (0x0000000085c91450) 
thrown [s\src\hotspot\share\classfile\systemDictionary.cpp, line 256]
Event: 12.046 Thread 0x0000020c2c42b8d0 Exception <a 'java/lang/ClassNotFoundException'{0x0000000085c9dc98}: com/android/build/gradle/internal/tasks/ListingFileRedirectTaskBeanInfo> (0x0000000085c9dc98) 
thrown [s\src\hotspot\share\classfile\systemDictionary.cpp, line 256]
Event: 12.047 Thread 0x0000020c2c42b8d0 Exception <a 'java/lang/ClassNotFoundException'{0x0000000085caa250}: com/android/build/gradle/internal/tasks/ListingFileRedirectTaskCustomizer> (0x0000000085caa250) 
thrown [s\src\hotspot\share\classfile\systemDictionary.cpp, line 256]
Event: 12.048 Thread 0x0000020c2c42b8d0 Exception <a 'java/lang/ClassNotFoundException'{0x0000000085cc7840}: com/android/build/gradle/internal/tasks/ListingFileRedirectTask_DecoratedCustomizer> (0x0000000085cc7840) 
thrown [s\src\hotspot\share\classfile\systemDictionary.cpp, line 256]
Event: 12.055 Thread 0x0000020c2c42b8d0 Implicit null exception at 0x0000020c196e06e5 to 0x0000020c196e0fac
Event: 12.055 Thread 0x0000020c2c42b8d0 Implicit null exception at 0x0000020c1965d8db to 0x0000020c1965d964
Event: 12.055 Thread 0x0000020c2c42b8d0 Implicit null exception at 0x0000020c196e06e5 to 0x0000020c196e0fac
Event: 12.056 Thread 0x0000020c2c42b8d0 Implicit null exception at 0x0000020c196e06e5 to 0x0000020c196e0fac
Event: 12.056 Thread 0x0000020c2c42b8d0 Implicit null exception at 0x0000020c196e06e5 to 0x0000020c196e0fac
Event: 12.203 Thread 0x0000020c2c42b8d0 Exception <a 'java/lang/NoSuchMethodError'{0x000000008c86dc40}: static Lcom/android/build/gradle/internal/profile/ProjectData;.<clinit>()V> (0x000000008c86dc40) 
thrown [s\src\hotspot\share\prims\jni.cpp, line 1108]
Event: 12.219 Thread 0x0000020c2c42b8d0 Exception <a 'java/lang/NoSuchMethodError'{0x000000008c8b8bb0}: static Lcom/android/build/gradle/internal/profile/TaskMetadata;.<clinit>()V> (0x000000008c8b8bb0) 
thrown [s\src\hotspot\share\prims\jni.cpp, line 1108]
Event: 12.223 Thread 0x0000020c2c42b8d0 Exception <a 'java/lang/NoSuchMethodError'{0x000000008c8e5d00}: 'void java.lang.invoke.DirectMethodHandle$Holder.invokeSpecial(java.lang.Object, java.lang.Object, java.lang.Object, int)'> (0x000000008c8e5d00) 
thrown [s\src\hotspot\share\interpreter\linkResolver.cpp, line 771]
Event: 12.302 Thread 0x0000020c2c42b8d0 Exception <a 'sun/nio/fs/WindowsException'{0x0000000087a09e80}> (0x0000000087a09e80) 
thrown [s\src\hotspot\share\prims\jni.cpp, line 517]
Event: 12.309 Thread 0x0000020c2c42b8d0 Exception <a 'java/lang/NoSuchMethodError'{0x0000000087a3f9f0}: 'java.lang.Object java.lang.invoke.DirectMethodHandle$Holder.newInvokeSpecial(java.lang.Object, java.lang.Object, java.lang.Object, java.lang.Object, int, java.lang.Object)'> (0x0000000087a3f9f0) 
thrown [s\src\hotspot\share\interpreter\linkResolver.cpp, line 771]
Event: 12.309 Thread 0x0000020c2c42b8d0 Exception <a 'java/lang/NoSuchMethodError'{0x0000000087a447f8}: 'java.lang.Object java.lang.invoke.Invokers$Holder.linkToTargetMethod(java.lang.Object, java.lang.Object, java.lang.Object, int, java.lang.Object, java.lang.Object)'> (0x0000000087a447f8) 
thrown [s\src\hotspot\share\interpreter\linkResolver.cpp, line 771]
Event: 12.326 Thread 0x0000020c2c42b8d0 Implicit null exception at 0x0000020c19718daf to 0x0000020c197207d4

VM Operations (20 events):
Event: 11.984 Executing VM operation: HandshakeAllThreads
Event: 11.984 Executing VM operation: HandshakeAllThreads done
Event: 11.997 Executing VM operation: ICBufferFull
Event: 11.997 Executing VM operation: ICBufferFull done
Event: 12.053 Executing VM operation: HandshakeAllThreads
Event: 12.053 Executing VM operation: HandshakeAllThreads done
Event: 12.053 Executing VM operation: HandshakeAllThreads
Event: 12.053 Executing VM operation: HandshakeAllThreads done
Event: 12.055 Executing VM operation: HandshakeAllThreads
Event: 12.055 Executing VM operation: HandshakeAllThreads done
Event: 12.072 Executing VM operation: G1CollectForAllocation
Event: 12.080 Executing VM operation: G1CollectForAllocation done
Event: 12.087 Executing VM operation: HandshakeAllThreads
Event: 12.088 Executing VM operation: HandshakeAllThreads done
Event: 12.125 Executing VM operation: G1Concurrent
Event: 12.131 Executing VM operation: G1Concurrent done
Event: 12.151 Executing VM operation: G1Concurrent
Event: 12.152 Executing VM operation: G1Concurrent done
Event: 12.214 Executing VM operation: HandshakeAllThreads
Event: 12.214 Executing VM operation: HandshakeAllThreads done

Events (20 events):
Event: 12.227 loading class java/io/ObjectInputFilter done
Event: 12.227 loading class java/io/ObjectInputFilter$Config$BuiltinFilterFactory
Event: 12.227 loading class java/io/ObjectInputFilter$Config$BuiltinFilterFactory done
Event: 12.227 loading class jdk/internal/access/JavaObjectInputFilterAccess
Event: 12.227 loading class jdk/internal/access/JavaObjectInputFilterAccess done
Event: 12.228 loading class jdk/internal/event/DeserializationEvent
Event: 12.228 loading class jdk/internal/event/DeserializationEvent done
Event: 12.228 loading class java/io/ObjectInputStream$FieldValues
Event: 12.228 loading class java/io/ObjectInputStream$GetField
Event: 12.228 loading class java/io/ObjectInputStream$GetField done
Event: 12.228 loading class java/io/ObjectInputStream$FieldValues done
Event: 12.229 loading class java/util/HashMap$UnsafeHolder
Event: 12.229 loading class java/util/HashMap$UnsafeHolder done
Event: 12.303 loading class java/nio/channels/Channels$1
Event: 12.303 loading class java/nio/channels/Channels$1 done
Event: 12.304 Thread 0x0000020c2c1ad5b0 Thread added: 0x0000020c2c1ad5b0
Event: 12.304 loading class java/util/concurrent/ConcurrentLinkedQueue$Itr
Event: 12.304 loading class java/util/concurrent/ConcurrentLinkedQueue$Itr done
Event: 12.305 Thread 0x0000020c2c1ab8d0 Thread added: 0x0000020c2c1ab8d0
Event: 12.332 Thread 0x0000020c2c1ae420 Thread added: 0x0000020c2c1ae420


Dynamic libraries:
0x00007ff64ea50000 - 0x00007ff64ea5a000 	C:\Program Files\Android\Android Studio\jbr\bin\java.exe
0x00007ffa6e6a0000 - 0x00007ffa6e908000 	C:\WINDOWS\SYSTEM32\ntdll.dll
0x00007ffa6ccd0000 - 0x00007ffa6cd99000 	C:\WINDOWS\System32\KERNEL32.DLL
0x00007ffa6b430000 - 0x00007ffa6b821000 	C:\WINDOWS\System32\KERNELBASE.dll
0x00007ffa6b220000 - 0x00007ffa6b36b000 	C:\WINDOWS\System32\ucrtbase.dll
0x00007ffa2ceb0000 - 0x00007ffa2cec7000 	C:\Program Files\Android\Android Studio\jbr\bin\jli.dll
0x00007ffa65630000 - 0x00007ffa6564b000 	C:\Program Files\Android\Android Studio\jbr\bin\VCRUNTIME140.dll
0x00007ffa6d530000 - 0x00007ffa6d6f6000 	C:\WINDOWS\System32\USER32.dll
0x00007ffa6b010000 - 0x00007ffa6b037000 	C:\WINDOWS\System32\win32u.dll
0x00007ffa50560000 - 0x00007ffa507f3000 	C:\WINDOWS\WinSxS\amd64_microsoft.windows.common-controls_6595b64144ccf1df_6.0.26100.7824_none_3e0870b2e3345462\COMCTL32.dll
0x00007ffa6d700000 - 0x00007ffa6d72b000 	C:\WINDOWS\System32\GDI32.dll
0x00007ffa6b040000 - 0x00007ffa6b16b000 	C:\WINDOWS\System32\gdi32full.dll
0x00007ffa6d360000 - 0x00007ffa6d409000 	C:\WINDOWS\System32\msvcrt.dll
0x00007ffa6b170000 - 0x00007ffa6b213000 	C:\WINDOWS\System32\msvcp_win.dll
0x00007ffa6e050000 - 0x00007ffa6e081000 	C:\WINDOWS\System32\IMM32.DLL
0x00007ffa65620000 - 0x00007ffa6562c000 	C:\Program Files\Android\Android Studio\jbr\bin\vcruntime140_1.dll
0x00007ffa37580000 - 0x00007ffa3760d000 	C:\Program Files\Android\Android Studio\jbr\bin\msvcp140.dll
0x00007ff9f8880000 - 0x00007ff9f94ee000 	C:\Program Files\Android\Android Studio\jbr\bin\server\jvm.dll
0x00007ffa6df90000 - 0x00007ffa6e044000 	C:\WINDOWS\System32\ADVAPI32.dll
0x00007ffa6ce90000 - 0x00007ffa6cf36000 	C:\WINDOWS\System32\sechost.dll
0x00007ffa6d410000 - 0x00007ffa6d528000 	C:\WINDOWS\System32\RPCRT4.dll
0x00007ffa58ce0000 - 0x00007ffa58d15000 	C:\WINDOWS\SYSTEM32\WINMM.dll
0x00007ffa58050000 - 0x00007ffa5805a000 	C:\WINDOWS\SYSTEM32\WSOCK32.dll
0x00007ffa64220000 - 0x00007ffa6422b000 	C:\WINDOWS\SYSTEM32\VERSION.dll
0x00007ffa6e5e0000 - 0x00007ffa6e654000 	C:\WINDOWS\System32\WS2_32.dll
0x00007ffa69ce0000 - 0x00007ffa69cfb000 	C:\WINDOWS\SYSTEM32\kernel.appcore.dll
0x00007ffa56540000 - 0x00007ffa5654a000 	C:\Program Files\Android\Android Studio\jbr\bin\jimage.dll
0x00007ffa69080000 - 0x00007ffa692c2000 	C:\WINDOWS\SYSTEM32\DBGHELP.DLL
0x00007ffa6cf40000 - 0x00007ffa6d2c6000 	C:\WINDOWS\System32\combase.dll
0x00007ffa6cdb0000 - 0x00007ffa6ce87000 	C:\WINDOWS\System32\OLEAUT32.dll
0x00007ffa4d640000 - 0x00007ffa4d67b000 	C:\WINDOWS\SYSTEM32\dbgcore.DLL
0x00007ffa6b830000 - 0x00007ffa6b8d5000 	C:\WINDOWS\System32\bcryptPrimitives.dll
0x00007ffa0a360000 - 0x00007ffa0a385000 	C:\Program Files\Android\Android Studio\jbr\bin\java.dll
0x00007ffa4fb40000 - 0x00007ffa4fb58000 	C:\Program Files\Android\Android Studio\jbr\bin\zip.dll
0x00007ffa6d830000 - 0x00007ffa6df82000 	C:\WINDOWS\System32\SHELL32.dll
0x00007ffa6c2d0000 - 0x00007ffa6c43a000 	C:\WINDOWS\System32\wintypes.dll
0x00007ffa6ba60000 - 0x00007ffa6c2c3000 	C:\WINDOWS\System32\windows.storage.dll
0x00007ffa6c630000 - 0x00007ffa6c726000 	C:\WINDOWS\System32\SHCORE.dll
0x00007ffa6e090000 - 0x00007ffa6e0f7000 	C:\WINDOWS\System32\shlwapi.dll
0x00007ffa6aea0000 - 0x00007ffa6aec9000 	C:\WINDOWS\SYSTEM32\profapi.dll
0x00007ffa4cb00000 - 0x00007ffa4cb19000 	C:\Program Files\Android\Android Studio\jbr\bin\net.dll
0x00007ffa63ea0000 - 0x00007ffa63fc7000 	C:\WINDOWS\SYSTEM32\WINHTTP.dll
0x00007ffa6a230000 - 0x00007ffa6a29b000 	C:\WINDOWS\system32\mswsock.dll
0x00007ffa4caa0000 - 0x00007ffa4cab6000 	C:\Program Files\Android\Android Studio\jbr\bin\nio.dll
0x00007ffa560f0000 - 0x00007ffa56100000 	C:\Program Files\Android\Android Studio\jbr\bin\verify.dll
0x00007ff9e8d00000 - 0x00007ff9e8d27000 	C:\Users\shuik\Desktop\Android Studio\Sdk\native\68d5fa5c4cc2d200863cafc0d521ce42e7d3e7ee720ec0a83991735586a16f82\windows-amd64\native-platform.dll
0x00007ffa070f0000 - 0x00007ffa07234000 	C:\Users\shuik\Desktop\Android Studio\Sdk\native\e376f236ea51e6404a007f0833ffe2c6e607c4080706a723a18a27aeea778392\windows-amd64\native-platform-file-events.dll
0x00007ffa559e0000 - 0x00007ffa559e9000 	C:\Program Files\Android\Android Studio\jbr\bin\management.dll
0x00007ffa509f0000 - 0x00007ffa509fb000 	C:\Program Files\Android\Android Studio\jbr\bin\management_ext.dll
0x00007ffa6d2d0000 - 0x00007ffa6d2d8000 	C:\WINDOWS\System32\PSAPI.DLL
0x00007ffa6a620000 - 0x00007ffa6a63b000 	C:\WINDOWS\SYSTEM32\CRYPTSP.dll
0x00007ffa69c40000 - 0x00007ffa69c79000 	C:\WINDOWS\system32\rsaenh.dll
0x00007ffa6a2e0000 - 0x00007ffa6a30b000 	C:\WINDOWS\SYSTEM32\USERENV.dll
0x00007ffa6ae70000 - 0x00007ffa6ae9a000 	C:\WINDOWS\SYSTEM32\bcrypt.dll
0x00007ffa6a480000 - 0x00007ffa6a48c000 	C:\WINDOWS\SYSTEM32\CRYPTBASE.dll
0x00007ffa696e0000 - 0x00007ffa69714000 	C:\WINDOWS\SYSTEM32\IPHLPAPI.DLL
0x00007ffa6c440000 - 0x00007ffa6c44a000 	C:\WINDOWS\System32\NSI.dll
0x00007ffa64260000 - 0x00007ffa6427e000 	C:\WINDOWS\SYSTEM32\dhcpcsvc6.DLL
0x00007ffa64230000 - 0x00007ffa64253000 	C:\WINDOWS\SYSTEM32\dhcpcsvc.DLL
0x00007ffa69770000 - 0x00007ffa6989c000 	C:\WINDOWS\SYSTEM32\DNSAPI.dll
0x00007ffa4d7d0000 - 0x00007ffa4d7d8000 	C:\WINDOWS\system32\wshunix.dll

dbghelp: loaded successfully - version: 4.0.5 - missing functions: none
symbol engine: initialized successfully - sym options: 0x614 - pdb path: .;C:\Program Files\Android\Android Studio\jbr\bin;C:\WINDOWS\SYSTEM32;C:\WINDOWS\WinSxS\amd64_microsoft.windows.common-controls_6595b64144ccf1df_6.0.26100.7824_none_3e0870b2e3345462;C:\Program Files\Android\Android Studio\jbr\bin\server;C:\Users\shuik\Desktop\Android Studio\Sdk\native\68d5fa5c4cc2d200863cafc0d521ce42e7d3e7ee720ec0a83991735586a16f82\windows-amd64;C:\Users\shuik\Desktop\Android Studio\Sdk\native\e376f236ea51e6404a007f0833ffe2c6e607c4080706a723a18a27aeea778392\windows-amd64

VM Arguments:
jvm_args: --add-opens=java.base/java.util=ALL-UNNAMED --add-opens=java.base/java.lang=ALL-UNNAMED --add-opens=java.base/java.lang.invoke=ALL-UNNAMED --add-opens=java.prefs/java.util.prefs=ALL-UNNAMED --add-opens=java.base/java.nio.charset=ALL-UNNAMED --add-opens=java.base/java.net=ALL-UNNAMED --add-opens=java.base/java.util.concurrent.atomic=ALL-UNNAMED -Xmx2048m -Dfile.encoding=UTF-8 -Duser.country=ES -Duser.language=es -Duser.variant 
java_command: org.gradle.launcher.daemon.bootstrap.GradleDaemon 8.0
java_class_path (initial): C:\Users\shuik\Desktop\Android Studio\Sdk\wrapper\dists\gradle-8.0-bin\ca5e32bp14vu59qr306oxotwh\gradle-8.0\lib\gradle-launcher-8.0.jar
Launcher Type: SUN_STANDARD

[Global flags]
     intx CICompilerCount                          = 12                                        {product} {ergonomic}
     uint ConcGCThreads                            = 3                                         {product} {ergonomic}
     uint G1ConcRefinementThreads                  = 13                                        {product} {ergonomic}
   size_t G1HeapRegionSize                         = 1048576                                   {product} {ergonomic}
    uintx GCDrainStackTargetSize                   = 64                                        {product} {ergonomic}
   size_t InitialHeapSize                          = 264241152                                 {product} {ergonomic}
   size_t MarkStackSize                            = 4194304                                   {product} {ergonomic}
   size_t MaxHeapSize                              = 2147483648                                {product} {command line}
   size_t MaxNewSize                               = 1287651328                                {product} {ergonomic}
   size_t MinHeapDeltaBytes                        = 1048576                                   {product} {ergonomic}
   size_t MinHeapSize                              = 8388608                                   {product} {ergonomic}
    uintx NonNMethodCodeHeapSize                   = 7602480                                {pd product} {ergonomic}
    uintx NonProfiledCodeHeapSize                  = 122027880                              {pd product} {ergonomic}
    uintx ProfiledCodeHeapSize                     = 122027880                              {pd product} {ergonomic}
    uintx ReservedCodeCacheSize                    = 251658240                              {pd product} {ergonomic}
     bool SegmentedCodeCache                       = true                                      {product} {ergonomic}
   size_t SoftMaxHeapSize                          = 2147483648                             {manageable} {ergonomic}
     bool UseCompressedClassPointers               = true                           {product lp64_product} {ergonomic}
     bool UseCompressedOops                        = true                           {product lp64_product} {ergonomic}
     bool UseG1GC                                  = true                                      {product} {ergonomic}
     bool UseLargePagesIndividualAllocation        = false                                  {pd product} {ergonomic}

Logging:
Log output configuration:
 #0: stdout all=warning uptime,level,tags
 #1: stderr all=off uptime,level,tags

Environment Variables:
PATH=C:\Program Files\Common Files\Oracle\Java\javapath;C:\Program Files (x86)\Common Files\Oracle\Java\java8path;C:\Program Files (x86)\Common Files\Oracle\Java\javapath;C:\WINDOWS\system32;C:\WINDOWS;C:\WINDOWS\System32\Wbem;C:\WINDOWS\System32\WindowsPowerShell\v1.0\;C:\WINDOWS\System32\OpenSSH\;C:\Program Files\dotnet\;C:\Program Files (x86)\NVIDIA Corporation\PhysX\Common;C:\Program Files\NVIDIA Corporation\NVIDIA app\NvDLISR;C:\Program Files\Docker\Docker\resources\bin;C:\Program Files\Apache\apache-maven-3.9.11\bin;C:\Program Files\nodejs\;C:\Users\shuik\AppData\Local\Programs\Python\Launcher\;C:\Users\shuik\AppData\Local\Microsoft\WindowsApps;C:\Users\shuik\AppData\Local\Programs\Microsoft VS Code\bin;C:\Users\shuik\AppData\Local\GitHubDesktop\bin;C:\Users\shuik\AppData\Local\spicetify;C:\Program Files\MongoDB\Server\8.2\bin;C:\Users\shuik\.dotnet\tools;C:\Users\shuik\AppData\Roaming\npm;C:\Users\shuik\AppData\Local\Programs\Python\Python314\Scripts;C:\Users\shuik\AppData\Local\Programs\Python\Python314;
USERNAME=shuik
OS=Windows_NT
PROCESSOR_IDENTIFIER=Intel64 Family 6 Model 141 Stepping 1, GenuineIntel
TMP=C:\Users\shuik\AppData\Local\Temp
TEMP=C:\Users\shuik\AppData\Local\Temp


JNI global refs:
JNI global refs: 34, weak refs: 0

JNI global refs memory usage: 843, weak refs: 841


---------------  S Y S T E M  ---------------

OS:
 Windows 11 , 64 bit Build 26100 (10.0.26100.7705)
OS uptime: 28 days 19:08 hours
Hyper-V role detected

CPU: total 16 (initial active 16) (8 cores per cpu, 2 threads per core) family 6 model 141 stepping 1 microcode 0x34, cx8, cmov, fxsr, ht, mmx, 3dnowpref, sse, sse2, sse3, ssse3, sse4.1, sse4.2, popcnt, lzcnt, tsc, tscinvbit, avx, avx2, aes, erms, clmul, bmi1, bmi2, adx, avx512f, avx512dq, avx512cd, avx512bw, avx512vl, sha, fma, vzeroupper, avx512_vpopcntdq, avx512_vpclmulqdq, avx512_vaes, avx512_vnni, clflush, clflushopt, clwb, avx512_vbmi2, avx512_vbmi, hv

Memory: 4k page, system-wide physical 16085M (1054M free)
TotalPageFile size 65237M (AvailPageFile size 31M)
current process WorkingSet (physical memory assigned to process): 411M, peak: 411M
current process commit charge ("private bytes"): 458M, peak: 458M

vm_info: OpenJDK 64-Bit Server VM (17.0.6+0-b2043.56-10027231) for windows-amd64 JRE (17.0.6+0-b2043.56-10027231), built on Apr 28 2023 00:43:19 by "androidbuild" with MS VC++ 16.10 / 16.11 (VS2019)

END.
